Modules list:
-------------
assets.o:
    CODE              Offs=000000  Size=000000  Align=00001  Fill=0000
    RODATA            Offs=000000  Size=000000  Align=00001  Fill=0000
    BSS               Offs=000000  Size=000000  Align=00001  Fill=0000
    DATA              Offs=000000  Size=000000  Align=00001  Fill=0000
    ZEROPAGE          Offs=000000  Size=000000  Align=00001  Fill=0000
    NULL              Offs=000000  Size=000000  Align=00001  Fill=0000
    COMMON            Offs=000000  Size=00061D  Align=00001  Fill=0000
    LOADONCE          Offs=000000  Size=000D83  Align=00001  Fill=0000
    TILES             Offs=000000  Size=00267E  Align=00001  Fill=0000
    MONSTERS          Offs=000000  Size=0003A2  Align=00001  Fill=0000
wait.o:
    CODE              Offs=000000  Size=000014  Align=00001  Fill=0000
    RODATA            Offs=000000  Size=000000  Align=00001  Fill=0000
    BSS               Offs=000000  Size=000000  Align=00001  Fill=0000
    DATA              Offs=000000  Size=000000  Align=00001  Fill=0000
    ZEROPAGE          Offs=000000  Size=000000  Align=00001  Fill=0000
    NULL              Offs=000000  Size=000000  Align=00001  Fill=0000
vectors.o:
    CODE              Offs=000014  Size=000000  Align=00001  Fill=0000
    RODATA            Offs=000000  Size=000000  Align=00001  Fill=0000
    BSS               Offs=000000  Size=000000  Align=00001  Fill=0000
    DATA              Offs=000000  Size=000000  Align=00001  Fill=0000
    ZEROPAGE          Offs=000000  Size=000000  Align=00001  Fill=0000
    NULL              Offs=000000  Size=000000  Align=00001  Fill=0000
    VECTORS           Offs=000000  Size=000006  Align=00001  Fill=0000
interrupt.o:
    CODE              Offs=000014  Size=000087  Align=00001  Fill=0000
    RODATA            Offs=000000  Size=000000  Align=00001  Fill=0000
    BSS               Offs=000000  Size=000000  Align=00001  Fill=0000
    DATA              Offs=000000  Size=000000  Align=00001  Fill=0000
    ZEROPAGE          Offs=000000  Size=000000  Align=00001  Fill=0000
    NULL              Offs=000000  Size=000000  Align=00001  Fill=0000
draw_util.o:
    CODE              Offs=00009B  Size=000049  Align=00001  Fill=0000
    RODATA            Offs=000000  Size=000000  Align=00001  Fill=0000
    BSS               Offs=000000  Size=000000  Align=00001  Fill=0000
    DATA              Offs=000000  Size=000000  Align=00001  Fill=0000
    ZEROPAGE          Offs=000000  Size=000000  Align=00001  Fill=0000
    NULL              Offs=000000  Size=000000  Align=00001  Fill=0000
enemy_util.o:
    CODE              Offs=0000E4  Size=0001EA  Align=00001  Fill=0000
    RODATA            Offs=000000  Size=000000  Align=00001  Fill=0000
    BSS               Offs=000000  Size=000000  Align=00001  Fill=0000
    DATA              Offs=000000  Size=000000  Align=00001  Fill=0000
    ZEROPAGE          Offs=000000  Size=000000  Align=00001  Fill=0000
    NULL              Offs=000000  Size=000000  Align=00001  Fill=0000
shifts.o:
    CODE              Offs=0002CE  Size=000008  Align=00001  Fill=0000
    RODATA            Offs=000000  Size=000000  Align=00001  Fill=0000
    BSS               Offs=000000  Size=000000  Align=00001  Fill=0000
    DATA              Offs=000000  Size=000000  Align=00001  Fill=0000
    ZEROPAGE          Offs=000000  Size=000000  Align=00001  Fill=0000
    NULL              Offs=000000  Size=000000  Align=00001  Fill=0000
mapload.o:
    CODE              Offs=0002D6  Size=000035  Align=00001  Fill=0000
    RODATA            Offs=000000  Size=000000  Align=00001  Fill=0000
    BSS               Offs=000000  Size=000000  Align=00001  Fill=0000
    DATA              Offs=000000  Size=000000  Align=00001  Fill=0000
    ZEROPAGE          Offs=000000  Size=000002  Align=00001  Fill=0000
    NULL              Offs=000000  Size=000000  Align=00001  Fill=0000
globals.o:
    CODE              Offs=00030B  Size=000000  Align=00001  Fill=0000
    RODATA            Offs=000000  Size=000000  Align=00001  Fill=0000
    BSS               Offs=000000  Size=00000A  Align=00001  Fill=0000
    DATA              Offs=000000  Size=000015  Align=00001  Fill=0000
    ZEROPAGE          Offs=000002  Size=000000  Align=00001  Fill=0000
    NULL              Offs=000000  Size=000000  Align=00001  Fill=0000
gametank.o:
    CODE              Offs=00030B  Size=000000  Align=00001  Fill=0000
    RODATA            Offs=000000  Size=000000  Align=00001  Fill=0000
    BSS               Offs=00000A  Size=000000  Align=00001  Fill=0000
    DATA              Offs=000015  Size=000005  Align=00001  Fill=0000
    ZEROPAGE          Offs=000002  Size=000000  Align=00001  Fill=0000
    NULL              Offs=000000  Size=000000  Align=00001  Fill=0000
dynawave.o:
    CODE              Offs=00030B  Size=0000D7  Align=00001  Fill=0000
    RODATA            Offs=000000  Size=000000  Align=00001  Fill=0000
    BSS               Offs=00000A  Size=000002  Align=00001  Fill=0000
    DATA              Offs=00001A  Size=0000D9  Align=00001  Fill=0000
    ZEROPAGE          Offs=000002  Size=000000  Align=00001  Fill=0000
    NULL              Offs=000000  Size=000000  Align=00001  Fill=0000
drawing_funcs.o:
    CODE              Offs=0003E2  Size=000702  Align=00001  Fill=0000
    RODATA            Offs=000000  Size=000000  Align=00001  Fill=0000
    BSS               Offs=00000C  Size=000018  Align=00001  Fill=0000
    DATA              Offs=0000F3  Size=000000  Align=00001  Fill=0000
    ZEROPAGE          Offs=000002  Size=000004  Align=00001  Fill=0000
    NULL              Offs=000000  Size=000000  Align=00001  Fill=0000
    CODE2             Offs=000000  Size=00018D  Align=00001  Fill=0000
tilemap.o:
    CODE              Offs=000AE4  Size=000D6B  Align=00001  Fill=0000
    RODATA            Offs=000000  Size=000000  Align=00001  Fill=0000
    BSS               Offs=000024  Size=00052D  Align=00001  Fill=0000
    DATA              Offs=0000F3  Size=00000A  Align=00001  Fill=0000
    ZEROPAGE          Offs=000006  Size=000000  Align=00001  Fill=0000
    NULL              Offs=000000  Size=000000  Align=00001  Fill=0000
    CODE2             Offs=00018D  Size=000306  Align=00001  Fill=0000
random.o:
    CODE              Offs=00184F  Size=00010C  Align=00001  Fill=0000
    RODATA            Offs=000000  Size=000000  Align=00001  Fill=0000
    BSS               Offs=000551  Size=000000  Align=00001  Fill=0000
    DATA              Offs=0000FD  Size=000002  Align=00001  Fill=0000
    ZEROPAGE          Offs=000006  Size=000000  Align=00001  Fill=0000
    NULL              Offs=000000  Size=000000  Align=00001  Fill=0000
music.o:
    CODE              Offs=00195B  Size=000152  Align=00001  Fill=0000
    RODATA            Offs=000000  Size=000000  Align=00001  Fill=0000
    BSS               Offs=000551  Size=000007  Align=00001  Fill=0000
    DATA              Offs=0000FF  Size=00000B  Align=00001  Fill=0000
    ZEROPAGE          Offs=000006  Size=000000  Align=00001  Fill=0000
    NULL              Offs=000000  Size=000000  Align=00001  Fill=0000
    CODE2             Offs=000493  Size=000229  Align=00001  Fill=0000
enemies.o:
    CODE              Offs=001AAD  Size=000558  Align=00001  Fill=0000
    RODATA            Offs=000000  Size=000027  Align=00001  Fill=0000
    BSS               Offs=000558  Size=00007B  Align=00001  Fill=0000
    DATA              Offs=00010A  Size=000017  Align=00001  Fill=0000
    ZEROPAGE          Offs=000006  Size=000000  Align=00001  Fill=0000
    NULL              Offs=000000  Size=000000  Align=00001  Fill=0000
    CODE2             Offs=0006BC  Size=000EAE  Align=00001  Fill=0000
level.o:
    CODE              Offs=002005  Size=000113  Align=00001  Fill=0000
    RODATA            Offs=000027  Size=000000  Align=00001  Fill=0000
    BSS               Offs=0005D3  Size=000000  Align=00001  Fill=0000
    DATA              Offs=000121  Size=000002  Align=00001  Fill=0000
    ZEROPAGE          Offs=000006  Size=000000  Align=00001  Fill=0000
    NULL              Offs=000000  Size=000000  Align=00001  Fill=0000
banking.o:
    CODE              Offs=002118  Size=0000AF  Align=00001  Fill=0000
    RODATA            Offs=000027  Size=000000  Align=00001  Fill=0000
    BSS               Offs=0005D3  Size=000001  Align=00001  Fill=0000
    DATA              Offs=000123  Size=000000  Align=00001  Fill=0000
    ZEROPAGE          Offs=000006  Size=000000  Align=00001  Fill=0000
    NULL              Offs=000000  Size=000000  Align=00001  Fill=0000
savegame.o:
    CODE              Offs=0021C7  Size=000096  Align=00001  Fill=0000
    RODATA            Offs=000027  Size=000000  Align=00001  Fill=0000
    BSS               Offs=0005D4  Size=000005  Align=00001  Fill=0000
    DATA              Offs=000123  Size=000000  Align=00001  Fill=0000
    ZEROPAGE          Offs=000006  Size=000000  Align=00001  Fill=0000
    NULL              Offs=000000  Size=000000  Align=00001  Fill=0000
    SAVEGAME          Offs=000000  Size=000007  Align=00001  Fill=0000
vegetables.o:
    CODE              Offs=00225D  Size=0001CF  Align=00001  Fill=0000
    RODATA            Offs=000027  Size=00007E  Align=00001  Fill=0000
    BSS               Offs=0005D9  Size=000104  Align=00001  Fill=0000
    DATA              Offs=000123  Size=0000FC  Align=00001  Fill=0000
    ZEROPAGE          Offs=000006  Size=000000  Align=00001  Fill=0000
    NULL              Offs=000000  Size=000000  Align=00001  Fill=0000
battle.o:
    CODE              Offs=00242C  Size=000000  Align=00001  Fill=0000
    RODATA            Offs=0000A5  Size=00006E  Align=00001  Fill=0000
    BSS               Offs=0006DD  Size=000024  Align=00001  Fill=0000
    DATA              Offs=00021F  Size=000005  Align=00001  Fill=0000
    ZEROPAGE          Offs=000006  Size=000000  Align=00001  Fill=0000
    NULL              Offs=000000  Size=000000  Align=00001  Fill=0000
    CODE2             Offs=00156A  Size=000804  Align=00001  Fill=0000
main.o:
    CODE              Offs=00242C  Size=001084  Align=00001  Fill=0000
    RODATA            Offs=000113  Size=000048  Align=00001  Fill=0000
    BSS               Offs=000701  Size=00001E  Align=00001  Fill=0000
    DATA              Offs=000224  Size=00000E  Align=00001  Fill=0000
    ZEROPAGE          Offs=000006  Size=000000  Align=00001  Fill=0000
    NULL              Offs=000000  Size=000000  Align=00001  Fill=0000
lib/gametank.lib(add.o):
    CODE              Offs=0034B0  Size=00001C  Align=00001  Fill=0000
    RODATA            Offs=00015B  Size=000000  Align=00001  Fill=0000
    BSS               Offs=00071F  Size=000000  Align=00001  Fill=0000
    DATA              Offs=000232  Size=000000  Align=00001  Fill=0000
    ZEROPAGE          Offs=000006  Size=000000  Align=00001  Fill=0000
    NULL              Offs=000000  Size=000000  Align=00001  Fill=0000
lib/gametank.lib(addysp.o):
    CODE              Offs=0034CC  Size=00000E  Align=00001  Fill=0000
    RODATA            Offs=00015B  Size=000000  Align=00001  Fill=0000
    BSS               Offs=00071F  Size=000000  Align=00001  Fill=0000
    DATA              Offs=000232  Size=000000  Align=00001  Fill=0000
    ZEROPAGE          Offs=000006  Size=000000  Align=00001  Fill=0000
    NULL              Offs=000000  Size=000000  Align=00001  Fill=0000
lib/gametank.lib(aslax4.o):
    CODE              Offs=0034DA  Size=000011  Align=00001  Fill=0000
    RODATA            Offs=00015B  Size=000000  Align=00001  Fill=0000
    BSS               Offs=00071F  Size=000000  Align=00001  Fill=0000
    DATA              Offs=000232  Size=000000  Align=00001  Fill=0000
    ZEROPAGE          Offs=000006  Size=000000  Align=00001  Fill=0000
    NULL              Offs=000000  Size=000000  Align=00001  Fill=0000
lib/gametank.lib(asrax1.o):
    CODE              Offs=0034EB  Size=00000A  Align=00001  Fill=0000
    RODATA            Offs=00015B  Size=000000  Align=00001  Fill=0000
    BSS               Offs=00071F  Size=000000  Align=00001  Fill=0000
    DATA              Offs=000232  Size=000000  Align=00001  Fill=0000
    ZEROPAGE          Offs=000006  Size=000000  Align=00001  Fill=0000
    NULL              Offs=000000  Size=000000  Align=00001  Fill=0000
lib/gametank.lib(asrax3.o):
    CODE              Offs=0034F5  Size=000014  Align=00001  Fill=0000
    RODATA            Offs=00015B  Size=000000  Align=00001  Fill=0000
    BSS               Offs=00071F  Size=000000  Align=00001  Fill=0000
    DATA              Offs=000232  Size=000000  Align=00001  Fill=0000
    ZEROPAGE          Offs=000006  Size=000000  Align=00001  Fill=0000
    NULL              Offs=000000  Size=000000  Align=00001  Fill=0000
lib/gametank.lib(asrax4.o):
    CODE              Offs=003509  Size=000019  Align=00001  Fill=0000
    RODATA            Offs=00015B  Size=000000  Align=00001  Fill=0000
    BSS               Offs=00071F  Size=000000  Align=00001  Fill=0000
    DATA              Offs=000232  Size=000000  Align=00001  Fill=0000
    ZEROPAGE          Offs=000006  Size=000000  Align=00001  Fill=0000
    NULL              Offs=000000  Size=000000  Align=00001  Fill=0000
lib/gametank.lib(bneg.o):
    CODE              Offs=003522  Size=00000E  Align=00001  Fill=0000
    RODATA            Offs=00015B  Size=000000  Align=00001  Fill=0000
    BSS               Offs=00071F  Size=000000  Align=00001  Fill=0000
    DATA              Offs=000232  Size=000000  Align=00001  Fill=0000
    ZEROPAGE          Offs=000006  Size=000000  Align=00001  Fill=0000
    NULL              Offs=000000  Size=000000  Align=00001  Fill=0000
lib/gametank.lib(compl.o):
    CODE              Offs=003530  Size=000009  Align=00001  Fill=0000
    RODATA            Offs=00015B  Size=000000  Align=00001  Fill=0000
    BSS               Offs=00071F  Size=000000  Align=00001  Fill=0000
    DATA              Offs=000232  Size=000000  Align=00001  Fill=0000
    ZEROPAGE          Offs=000006  Size=000000  Align=00001  Fill=0000
    NULL              Offs=000000  Size=000000  Align=00001  Fill=0000
lib/gametank.lib(condes.o):
    CODE              Offs=003539  Size=00000C  Align=00001  Fill=0000
    RODATA            Offs=00015B  Size=000000  Align=00001  Fill=0000
    BSS               Offs=00071F  Size=000000  Align=00001  Fill=0000
    DATA              Offs=000232  Size=000025  Align=00001  Fill=0000
    ZEROPAGE          Offs=000006  Size=000000  Align=00001  Fill=0000
    NULL              Offs=000000  Size=000000  Align=00001  Fill=0000
    ONCE              Offs=000000  Size=00000C  Align=00001  Fill=0000
lib/gametank.lib(copydata.o):
    CODE              Offs=003545  Size=00002D  Align=00001  Fill=0000
    RODATA            Offs=00015B  Size=000000  Align=00001  Fill=0000
    BSS               Offs=00071F  Size=000000  Align=00001  Fill=0000
    DATA              Offs=000257  Size=000000  Align=00001  Fill=0000
    ZEROPAGE          Offs=000006  Size=000000  Align=00001  Fill=0000
    NULL              Offs=000000  Size=000000  Align=00001  Fill=0000
lib/gametank.lib(crt0.o):
    CODE              Offs=003572  Size=000000  Align=00001  Fill=0000
    RODATA            Offs=00015B  Size=000000  Align=00001  Fill=0000
    BSS               Offs=00071F  Size=000000  Align=00001  Fill=0000
    DATA              Offs=000257  Size=000000  Align=00001  Fill=0000
    ZEROPAGE          Offs=000006  Size=000000  Align=00001  Fill=0000
    NULL              Offs=000000  Size=000000  Align=00001  Fill=0000
    STARTUP           Offs=000000  Size=0000D9  Align=00001  Fill=0000
lib/gametank.lib(decsp2.o):
    CODE              Offs=003572  Size=00000D  Align=00001  Fill=0000
    RODATA            Offs=00015B  Size=000000  Align=00001  Fill=0000
    BSS               Offs=00071F  Size=000000  Align=00001  Fill=0000
    DATA              Offs=000257  Size=000000  Align=00001  Fill=0000
    ZEROPAGE          Offs=000006  Size=000000  Align=00001  Fill=0000
    NULL              Offs=000000  Size=000000  Align=00001  Fill=0000
lib/gametank.lib(decsp3.o):
    CODE              Offs=00357F  Size=00000D  Align=00001  Fill=0000
    RODATA            Offs=00015B  Size=000000  Align=00001  Fill=0000
    BSS               Offs=00071F  Size=000000  Align=00001  Fill=0000
    DATA              Offs=000257  Size=000000  Align=00001  Fill=0000
    ZEROPAGE          Offs=000006  Size=000000  Align=00001  Fill=0000
    NULL              Offs=000000  Size=000000  Align=00001  Fill=0000
lib/gametank.lib(decsp4.o):
    CODE              Offs=00358C  Size=00000D  Align=00001  Fill=0000
    RODATA            Offs=00015B  Size=000000  Align=00001  Fill=0000
    BSS               Offs=00071F  Size=000000  Align=00001  Fill=0000
    DATA              Offs=000257  Size=000000  Align=00001  Fill=0000
    ZEROPAGE          Offs=000006  Size=000000  Align=00001  Fill=0000
    NULL              Offs=000000  Size=000000  Align=00001  Fill=0000
lib/gametank.lib(decsp5.o):
    CODE              Offs=003599  Size=00000D  Align=00001  Fill=0000
    RODATA            Offs=00015B  Size=000000  Align=00001  Fill=0000
    BSS               Offs=00071F  Size=000000  Align=00001  Fill=0000
    DATA              Offs=000257  Size=000000  Align=00001  Fill=0000
    ZEROPAGE          Offs=000006  Size=000000  Align=00001  Fill=0000
    NULL              Offs=000000  Size=000000  Align=00001  Fill=0000
lib/gametank.lib(decsp7.o):
    CODE              Offs=0035A6  Size=00000D  Align=00001  Fill=0000
    RODATA            Offs=00015B  Size=000000  Align=00001  Fill=0000
    BSS               Offs=00071F  Size=000000  Align=00001  Fill=0000
    DATA              Offs=000257  Size=000000  Align=00001  Fill=0000
    ZEROPAGE          Offs=000006  Size=000000  Align=00001  Fill=0000
    NULL              Offs=000000  Size=000000  Align=00001  Fill=0000
lib/gametank.lib(icmp.o):
    CODE              Offs=0035B3  Size=00002E  Align=00001  Fill=0000
    RODATA            Offs=00015B  Size=000000  Align=00001  Fill=0000
    BSS               Offs=00071F  Size=000000  Align=00001  Fill=0000
    DATA              Offs=000257  Size=000000  Align=00001  Fill=0000
    ZEROPAGE          Offs=000006  Size=000000  Align=00001  Fill=0000
    NULL              Offs=000000  Size=000000  Align=00001  Fill=0000
lib/gametank.lib(incsp1.o):
    CODE              Offs=0035E1  Size=000007  Align=00001  Fill=0000
    RODATA            Offs=00015B  Size=000000  Align=00001  Fill=0000
    BSS               Offs=00071F  Size=000000  Align=00001  Fill=0000
    DATA              Offs=000257  Size=000000  Align=00001  Fill=0000
    ZEROPAGE          Offs=000006  Size=000000  Align=00001  Fill=0000
    NULL              Offs=000000  Size=000000  Align=00001  Fill=0000
lib/gametank.lib(incsp2.o):
    CODE              Offs=0035E8  Size=000016  Align=00001  Fill=0000
    RODATA            Offs=00015B  Size=000000  Align=00001  Fill=0000
    BSS               Offs=00071F  Size=000000  Align=00001  Fill=0000
    DATA              Offs=000257  Size=000000  Align=00001  Fill=0000
    ZEROPAGE          Offs=000006  Size=000000  Align=00001  Fill=0000
    NULL              Offs=000000  Size=000000  Align=00001  Fill=0000
lib/gametank.lib(incsp3.o):
    CODE              Offs=0035FE  Size=000005  Align=00001  Fill=0000
    RODATA            Offs=00015B  Size=000000  Align=00001  Fill=0000
    BSS               Offs=00071F  Size=000000  Align=00001  Fill=0000
    DATA              Offs=000257  Size=000000  Align=00001  Fill=0000
    ZEROPAGE          Offs=000006  Size=000000  Align=00001  Fill=0000
    NULL              Offs=000000  Size=000000  Align=00001  Fill=0000
lib/gametank.lib(incsp4.o):
    CODE              Offs=003603  Size=000005  Align=00001  Fill=0000
    RODATA            Offs=00015B  Size=000000  Align=00001  Fill=0000
    BSS               Offs=00071F  Size=000000  Align=00001  Fill=0000
    DATA              Offs=000257  Size=000000  Align=00001  Fill=0000
    ZEROPAGE          Offs=000006  Size=000000  Align=00001  Fill=0000
    NULL              Offs=000000  Size=000000  Align=00001  Fill=0000
lib/gametank.lib(incsp5.o):
    CODE              Offs=003608  Size=000005  Align=00001  Fill=0000
    RODATA            Offs=00015B  Size=000000  Align=00001  Fill=0000
    BSS               Offs=00071F  Size=000000  Align=00001  Fill=0000
    DATA              Offs=000257  Size=000000  Align=00001  Fill=0000
    ZEROPAGE          Offs=000006  Size=000000  Align=00001  Fill=0000
    NULL              Offs=000000  Size=000000  Align=00001  Fill=0000
lib/gametank.lib(incsp6.o):
    CODE              Offs=00360D  Size=000005  Align=00001  Fill=0000
    RODATA            Offs=00015B  Size=000000  Align=00001  Fill=0000
    BSS               Offs=00071F  Size=000000  Align=00001  Fill=0000
    DATA              Offs=000257  Size=000000  Align=00001  Fill=0000
    ZEROPAGE          Offs=000006  Size=000000  Align=00001  Fill=0000
    NULL              Offs=000000  Size=000000  Align=00001  Fill=0000
lib/gametank.lib(incsp8.o):
    CODE              Offs=003612  Size=000005  Align=00001  Fill=0000
    RODATA            Offs=00015B  Size=000000  Align=00001  Fill=0000
    BSS               Offs=00071F  Size=000000  Align=00001  Fill=0000
    DATA              Offs=000257  Size=000000  Align=00001  Fill=0000
    ZEROPAGE          Offs=000006  Size=000000  Align=00001  Fill=0000
    NULL              Offs=000000  Size=000000  Align=00001  Fill=0000
lib/gametank.lib(inflatemem.o):
    CODE              Offs=003617  Size=0001F7  Align=00001  Fill=0000
    RODATA            Offs=00015B  Size=000020  Align=00001  Fill=0000
    BSS               Offs=00071F  Size=0002FD  Align=00001  Fill=0000
    DATA              Offs=000257  Size=000000  Align=00001  Fill=0000
    ZEROPAGE          Offs=000006  Size=000000  Align=00001  Fill=0000
    NULL              Offs=000000  Size=000000  Align=00001  Fill=0000
lib/gametank.lib(ldeaxi.o):
    CODE              Offs=00380E  Size=000017  Align=00001  Fill=0000
    RODATA            Offs=00017B  Size=000000  Align=00001  Fill=0000
    BSS               Offs=000A1C  Size=000000  Align=00001  Fill=0000
    DATA              Offs=000257  Size=000000  Align=00001  Fill=0000
    ZEROPAGE          Offs=000006  Size=000000  Align=00001  Fill=0000
    NULL              Offs=000000  Size=000000  Align=00001  Fill=0000
lib/gametank.lib(makebool.o):
    CODE              Offs=003825  Size=00002C  Align=00001  Fill=0000
    RODATA            Offs=00017B  Size=000000  Align=00001  Fill=0000
    BSS               Offs=000A1C  Size=000000  Align=00001  Fill=0000
    DATA              Offs=000257  Size=000000  Align=00001  Fill=0000
    ZEROPAGE          Offs=000006  Size=000000  Align=00001  Fill=0000
    NULL              Offs=000000  Size=000000  Align=00001  Fill=0000
lib/gametank.lib(memcpy.o):
    CODE              Offs=003851  Size=00003C  Align=00001  Fill=0000
    RODATA            Offs=00017B  Size=000000  Align=00001  Fill=0000
    BSS               Offs=000A1C  Size=000000  Align=00001  Fill=0000
    DATA              Offs=000257  Size=000000  Align=00001  Fill=0000
    ZEROPAGE          Offs=000006  Size=000000  Align=00001  Fill=0000
    NULL              Offs=000000  Size=000000  Align=00001  Fill=0000
lib/gametank.lib(mod.o):
    CODE              Offs=00388D  Size=000011  Align=00001  Fill=0000
    RODATA            Offs=00017B  Size=000000  Align=00001  Fill=0000
    BSS               Offs=000A1C  Size=000000  Align=00001  Fill=0000
    DATA              Offs=000257  Size=000000  Align=00001  Fill=0000
    ZEROPAGE          Offs=000006  Size=000000  Align=00001  Fill=0000
    NULL              Offs=000000  Size=000000  Align=00001  Fill=0000
lib/gametank.lib(mul8.o):
    CODE              Offs=00389E  Size=00003A  Align=00001  Fill=0000
    RODATA            Offs=00017B  Size=000000  Align=00001  Fill=0000
    BSS               Offs=000A1C  Size=000000  Align=00001  Fill=0000
    DATA              Offs=000257  Size=000000  Align=00001  Fill=0000
    ZEROPAGE          Offs=000006  Size=000000  Align=00001  Fill=0000
    NULL              Offs=000000  Size=000000  Align=00001  Fill=0000
lib/gametank.lib(negabs.o):
    CODE              Offs=0038D8  Size=000012  Align=00001  Fill=0000
    RODATA            Offs=00017B  Size=000000  Align=00001  Fill=0000
    BSS               Offs=000A1C  Size=000000  Align=00001  Fill=0000
    DATA              Offs=000257  Size=000000  Align=00001  Fill=0000
    ZEROPAGE          Offs=000006  Size=000000  Align=00001  Fill=0000
    NULL              Offs=000000  Size=000000  Align=00001  Fill=0000
lib/gametank.lib(or.o):
    CODE              Offs=0038EA  Size=000012  Align=00001  Fill=0000
    RODATA            Offs=00017B  Size=000000  Align=00001  Fill=0000
    BSS               Offs=000A1C  Size=000000  Align=00001  Fill=0000
    DATA              Offs=000257  Size=000000  Align=00001  Fill=0000
    ZEROPAGE          Offs=000006  Size=000000  Align=00001  Fill=0000
    NULL              Offs=000000  Size=000000  Align=00001  Fill=0000
lib/gametank.lib(popptr1.o):
    CODE              Offs=0038FC  Size=00000E  Align=00001  Fill=0000
    RODATA            Offs=00017B  Size=000000  Align=00001  Fill=0000
    BSS               Offs=000A1C  Size=000000  Align=00001  Fill=0000
    DATA              Offs=000257  Size=000000  Align=00001  Fill=0000
    ZEROPAGE          Offs=000006  Size=000000  Align=00001  Fill=0000
    NULL              Offs=000000  Size=000000  Align=00001  Fill=0000
lib/gametank.lib(pusha.o):
    CODE              Offs=00390A  Size=000016  Align=00001  Fill=0000
    RODATA            Offs=00017B  Size=000000  Align=00001  Fill=0000
    BSS               Offs=000A1C  Size=000000  Align=00001  Fill=0000
    DATA              Offs=000257  Size=000000  Align=00001  Fill=0000
    ZEROPAGE          Offs=000006  Size=000000  Align=00001  Fill=0000
    NULL              Offs=000000  Size=000000  Align=00001  Fill=0000
lib/gametank.lib(pushax.o):
    CODE              Offs=003920  Size=00001A  Align=00001  Fill=0000
    RODATA            Offs=00017B  Size=000000  Align=00001  Fill=0000
    BSS               Offs=000A1C  Size=000000  Align=00001  Fill=0000
    DATA              Offs=000257  Size=000000  Align=00001  Fill=0000
    ZEROPAGE          Offs=000006  Size=000000  Align=00001  Fill=0000
    NULL              Offs=000000  Size=000000  Align=00001  Fill=0000
lib/gametank.lib(pushwsp.o):
    CODE              Offs=00393A  Size=00001C  Align=00001  Fill=0000
    RODATA            Offs=00017B  Size=000000  Align=00001  Fill=0000
    BSS               Offs=000A1C  Size=000000  Align=00001  Fill=0000
    DATA              Offs=000257  Size=000000  Align=00001  Fill=0000
    ZEROPAGE          Offs=000006  Size=000000  Align=00001  Fill=0000
    NULL              Offs=000000  Size=000000  Align=00001  Fill=0000
lib/gametank.lib(shelp.o):
    CODE              Offs=003956  Size=000020  Align=00001  Fill=0000
    RODATA            Offs=00017B  Size=000000  Align=00001  Fill=0000
    BSS               Offs=000A1C  Size=000000  Align=00001  Fill=0000
    DATA              Offs=000257  Size=000000  Align=00001  Fill=0000
    ZEROPAGE          Offs=000006  Size=000000  Align=00001  Fill=0000
    NULL              Offs=000000  Size=000000  Align=00001  Fill=0000
lib/gametank.lib(shrax4.o):
    CODE              Offs=003976  Size=000011  Align=00001  Fill=0000
    RODATA            Offs=00017B  Size=000000  Align=00001  Fill=0000
    BSS               Offs=000A1C  Size=000000  Align=00001  Fill=0000
    DATA              Offs=000257  Size=000000  Align=00001  Fill=0000
    ZEROPAGE          Offs=000006  Size=000000  Align=00001  Fill=0000
    NULL              Offs=000000  Size=000000  Align=00001  Fill=0000
lib/gametank.lib(staspidx.o):
    CODE              Offs=003987  Size=000016  Align=00001  Fill=0000
    RODATA            Offs=00017B  Size=000000  Align=00001  Fill=0000
    BSS               Offs=000A1C  Size=000000  Align=00001  Fill=0000
    DATA              Offs=000257  Size=000000  Align=00001  Fill=0000
    ZEROPAGE          Offs=000006  Size=000000  Align=00001  Fill=0000
    NULL              Offs=000000  Size=000000  Align=00001  Fill=0000
lib/gametank.lib(staxsp.o):
    CODE              Offs=00399D  Size=00000B  Align=00001  Fill=0000
    RODATA            Offs=00017B  Size=000000  Align=00001  Fill=0000
    BSS               Offs=000A1C  Size=000000  Align=00001  Fill=0000
    DATA              Offs=000257  Size=000000  Align=00001  Fill=0000
    ZEROPAGE          Offs=000006  Size=000000  Align=00001  Fill=0000
    NULL              Offs=000000  Size=000000  Align=00001  Fill=0000
lib/gametank.lib(staxspi.o):
    CODE              Offs=0039A8  Size=00001B  Align=00001  Fill=0000
    RODATA            Offs=00017B  Size=000000  Align=00001  Fill=0000
    BSS               Offs=000A1C  Size=000000  Align=00001  Fill=0000
    DATA              Offs=000257  Size=000000  Align=00001  Fill=0000
    ZEROPAGE          Offs=000006  Size=000000  Align=00001  Fill=0000
    NULL              Offs=000000  Size=000000  Align=00001  Fill=0000
lib/gametank.lib(sub.o):
    CODE              Offs=0039C3  Size=000015  Align=00001  Fill=0000
    RODATA            Offs=00017B  Size=000000  Align=00001  Fill=0000
    BSS               Offs=000A1C  Size=000000  Align=00001  Fill=0000
    DATA              Offs=000257  Size=000000  Align=00001  Fill=0000
    ZEROPAGE          Offs=000006  Size=000000  Align=00001  Fill=0000
    NULL              Offs=000000  Size=000000  Align=00001  Fill=0000
lib/gametank.lib(udiv.o):
    CODE              Offs=0039D8  Size=00004F  Align=00001  Fill=0000
    RODATA            Offs=00017B  Size=000000  Align=00001  Fill=0000
    BSS               Offs=000A1C  Size=000000  Align=00001  Fill=0000
    DATA              Offs=000257  Size=000000  Align=00001  Fill=0000
    ZEROPAGE          Offs=000006  Size=000000  Align=00001  Fill=0000
    NULL              Offs=000000  Size=000000  Align=00001  Fill=0000
lib/gametank.lib(zerobss.o):
    CODE              Offs=003A27  Size=000023  Align=00001  Fill=0000
    RODATA            Offs=00017B  Size=000000  Align=00001  Fill=0000
    BSS               Offs=000A1C  Size=000000  Align=00001  Fill=0000
    DATA              Offs=000257  Size=000000  Align=00001  Fill=0000
    ZEROPAGE          Offs=000006  Size=000000  Align=00001  Fill=0000
    NULL              Offs=000000  Size=000000  Align=00001  Fill=0000
lib/gametank.lib(zeropage.o):
    CODE              Offs=003A4A  Size=000000  Align=00001  Fill=0000
    RODATA            Offs=00017B  Size=000000  Align=00001  Fill=0000
    BSS               Offs=000A1C  Size=000000  Align=00001  Fill=0000
    DATA              Offs=000257  Size=000000  Align=00001  Fill=0000
    ZEROPAGE          Offs=000006  Size=00001A  Align=00001  Fill=0000
    NULL              Offs=000000  Size=000000  Align=00001  Fill=0000


Segment list:
-------------
Name                   Start     End    Size  Align
----------------------------------------------------
NULL                  000000  000000  000000  00001
ZEROPAGE              000000  00001F  000020  00001
DATA                  000200  000456  000257  00001
BSS                   000457  000E72  000A1C  00001
CODE2                 008000  009D6D  001D6E  00001
LOADONCE              008000  008D82  000D83  00001
MONSTERS              008000  0083A1  0003A2  00001
TILES                 008000  00A67D  00267E  00001
SAVEGAME              008001  008007  000007  00001
COMMON                009D6E  00A38A  00061D  00001
ONCE                  00C257  00C262  00000C  00001
CODE                  00C263  00FCAC  003A4A  00001
RODATA                00FCAD  00FE27  00017B  00001
STARTUP               00FE28  00FF00  0000D9  00001
VECTORS               00FFFA  00FFFF  000006  00001


Exports list by name:
---------------------
_BattleBG                 0086C0 RLA    _BattleMusic              009F00 RLA    
_BeachMap                 009A7E RLA    _CLB                      00C8C7 RLA    
_CLS                      00C942  LA    _ChangeRomBank            00E37B RLA    
_ClearingMap              009E7E RLA    _DesertMap                00967E RLA    
_DynaWave                 008000 RLA    _EnemyFrames_VEGGIES      00A333 RLA    
_EnemySprites_VEGGIES     008000 RLA    _FillRect                 00C980 RLA    
_FlushQueue               00C8AD  LA    _FontFrames               00A10B RLA    
_FontSprites              008591 RLA    _Forest0Map               008E7E RLA    
_HeroFrames               00A093 RLA    _HeroSprites              0081FE RLA    
_HomesteadMap             008A7E RLA    _LD_enemy_index           00C3D1 RLA    
_MainMusic                009E6E RLA    _MazeMap                  00927E RLA    
_NextQueue                00C297 RLA    _PackedSprite             008000  LA    
_QueueFillRect            00C7F7 RLA    _QueuePackedSprite        0080C3 RLA    
_QueueSpriteRect          00C785 RLA    _RoadMap                  00A27E RLA    
_ST_enemy_index           00C481 RLA    _SineTable                009D6E RLA    
_Sleep                    00E730  LA    _SpriteRect               00C9BF  LA    
_SpriteRectImmediate      00CA34 RLA    _SwitchRomBank            00FE69  LA    
_Tileset_00               008000 RLA    __BSS_LOAD__              000457  LA    
__BSS_RUN__               000457 RLA    __BSS_SIZE__              000A1C REA    
__CARTRAM0_FILEOFFS__     000000  EA    __CARTRAM0_LAST__         008008  LA    
__CARTRAM0_SIZE__         003FFF  EA    __CARTRAM0_START__        008001  LA    
__CARTRAM1_FILEOFFS__     000000  EA    __CARTRAM1_LAST__         008000  LA    
__CARTRAM1_SIZE__         004000  EA    __CARTRAM1_START__        008000  LA    
__CONSTRUCTOR_COUNT__     000000 REA    __CONSTRUCTOR_TABLE__     00FF01 RLA    
__DATA_LOAD__             00C000 RLA    __DATA_RUN__              000200 RLA    
__DATA_SIZE__             000257 REA    __DESTRUCTOR_COUNT__      000000 REA    
__DESTRUCTOR_TABLE__      00FF01 RLA    __RAM_FILEOFFS__          000000  EA    
__RAM_LAST__              000E73  LA    __RAM_SIZE__              001D00 REA    
__RAM_START__             000200 RLA    __SAVEGAME_LOAD__         008001  LA    
__SAVEGAME_RUN__          008001  LA    __SAVEGAME_SIZE__         000007  EA    
__STACKSIZE__             000800  EA    __STARTUP__               000001 REA    
__ZEROPAGE_LOAD__         000000  LA    __ZEROPAGE_RUN__          000000  LA    
__ZEROPAGE_SIZE__         000020  EA    __ZP_FILEOFFS__           000000  EA    
__ZP_LAST__               000020  LA    __ZP_SIZE__               000100  EA    
__ZP_START__              000000  LA    _abs                      00FB3B  LA    
_add_to_party             00E5EA RLA    _anim_state_offsets       000313  LA    
_asmTileCopy              00C539 RLA    _attack_names             00033B  LA    
_attack_sound_for_enemy   00E168  LA    _audio_amplitudes         0002FF  LA    
_audio_params_index       0002F2  LA    _bankflip                 000217 RLA    
_banksMirror              000219 RLA    _battle_state             000B53  LA    
_big_circle               00947A  LA    _camera_x                 0002F7 RLA    
_camera_y                 0002F9 RLA    _character_tilemap_check  00CE28 RLA    
_checkLoseCondition       009B6C  LA    _check_impact_attack      00926A  LA    
_check_player_attack      009131  LA    _circle_position          009370  LA    
_clear_enemies            00DE7A RLA    _clear_enemy_slots        00DD83 RLA    
_clear_save               00E4A9 RLA    _clear_spritebank         00C6D6  LA    
_close_wall_traps         00E184  LA    _currentPartyIndex        000423  LA    
_cursorX                  000463 RLA    _cursorY                  000464 RLA    
_delay_counter            000305  LA    _do_fill_map              000213 RLA    
_do_noise_effect          00DC71 RLA    _draw_battle_screen       00956A RLA    
_draw_battle_screen_postqueue 0096E3 RLA    _draw_enemies             0086BC RLA    
_draw_fade                00CABF RLA    _draw_hud                 00E8F5  LA    
_draw_player              00E857  LA    _draw_world               00CEFA RLA    
_encountered_veggie       000A44 RLA    _enemies                  0009AF RLA    
_enemyFrameData           000318  LA    _enemySpriteSheets        00031A  LA    
_enemy_banks              00031C  LA    _enemy_count              00030E  LA    
_enemy_index_on_screen    00C347 RLA    _enemy_speeds             000311  LA    
_enemy_type_flags         000317  LA    _enemy_type_slots         000A01  LA    
_enemy_type_used_slots    00030F  LA    _exit                     00FE65  LA    
_face_player              009072  LA    _fill_local_map           00E8F6  LA    
_fill_whole_map           00EA24  LA    _findSeed                 00E650 RLA    
_find_start_tile          00D1DB RLA    _flagsMirror              000218 RLA    
_flush_audio_params       00C5E5 RLA    _frameflag                000215 RLA    
_frameflip                000216 RLA    _game_over_timer          00042D  LA    
_game_state               00042C  LA    _generate_map             00818D RLA    
_go_to_next_level         000431  LA    _ignoreCamera             000310  LA    
_inflatemem               00F87A RLA    _init                     00FE28 RLA    
_init_battle              00965C RLA    _init_dynawave            00C56E RLA    
_init_enemy               00DDCA  LA    _init_game_state          00E760  LA    
_init_level               00E27B RLA    _init_music               00DBBE RLA    
_inputs                   000424  LA    _inputs2                  000428  LA    
_irq_int                  00C282 RLA    _last_attacker_id         0009EF RLA    
_last_inputs              000426  LA    _last_inputs2             00042A  LA    
_last_seed_thrown         000ACA RLA    _loadSpecial              00FCAD  LA    
_load_enemies_for_level   00E26D  LA    _load_enemy_type          00DD10 RLA    
_load_game_vars           00E45D RLA    _load_map                 00CD5E RLA    
_load_spritesheet         00C645 RLA    _ls4                      00C532 RLA    
_ls5                      00C531  LA    _main                     00EB02 RLA    
_mapMessage               00030A  LA    _map_fill_tile_rect       00D8A3  LA    
_map_path_h               00D67C  LA    _map_path_v               00D451  LA    
_max                      00D429  LA    _maxHpMessage             00030C  LA    
_maybe_add_pillars        00D95D  LA    _memcpy                   00FAB4 RLA    
_menuEntries              000422  LA    _menuMode                 000B35  LA    
_menu_index               000B34  LA    _messageBuf               000B3A  LA    
_message_string           00045F RLA    _min                      00D408  LA    
_min_room_size            0002FC  LA    _move_frame_mask          000312  LA    
_music_cursor             000303  LA    _music_for_level          00E268  LA    
_music_mode               000308  LA    _nextProjectile           00031D  LA    
_next_battle_state        000B54  LA    _next_enemy_slot          00E12B RLA    
_nmi_int                  00C277 RLA    _nop10                    00C26C  LA    
_nop5                     00C266  LA    _open_gates               00E1F6  LA    
_pause_music              00DCDE  LA    _paused_cursor            000306  LA    
_paused_delay             0009AA  LA    _pitch_table              00021A  LA    
_place_enemies            00DF20 RLA    _place_stairs             00DA37  LA    
_plantedSeed              00E560 RLA    _play_track               00DBC8 RLA    
_playerVeggieX            000420  LA    _player_action_type       000212 RLA    
_player_active_veggie     000A30 RLA    _player_anim_dir          00020D RLA    
_player_anim_flip         00020E RLA    _player_anim_frame        00020C RLA    
_player_anim_state        000210 RLA    _player_dir_x             000209 RLA    
_player_dir_y             00020A RLA    _player_dist_check        0091F3  LA    
_player_face_enemy        008FA2  LA    _player_health            00020F RLA    
_player_hitbox_damage     00020B RLA    _player_max_health        000211 RLA    
_player_party             000A58 RLA    _player_state_offsets     000204  LA    
_player_x                 000200 RLA    _player_y                 000202 RLA    
_print                    00CC4C RLA    _printBCDnum              00CB32 RLA    
_print_seed_inventory     00E4C0 RLA    _pushRect                 00C2FE RLA    
_push_audio_param         00C5B3 RLA    _queue_count              000004 RLZ    
_queue_end                000003 RLZ    _queue_flags_param        003200 REA    
_queue_pending            000005 RLZ    _queue_start              000002 RLZ    
_randomInventorySeed      00E59B RLA    _random_loaded_enemy_slot 00DD9E  LA    
_random_reduce_rect       00D360  LA    _rect                     003201 REA    
_renderMenuText           009C3A  LA    _repeat_point             0009A8  LA    
_repeat_resume_pending    000309  LA    _resetSeeds               00E548  LA    
_rnd                      00DAB2 RLA    _rnd_range                00DB01 RLA    
_rnd_seed                 0002FD RLA    _romBankMirror            000A2A RLA    
_save_game_vars           00E42A  LA    _saved_level_number       008001  LA    
_saved_magic_number       008006  LA    _saved_player_health      008005  LA    
_saved_player_max_health  008004  LA    _saved_rnd_seed           008002  LA    
_scratchpad               000881  LA    _seedArrowPosition        000AC9  LA    
_seed_inventory           000ABD RLA    _seedsThrownType          000B0B  LA    
_seedsThrownX             000ACB  LA    _seedsThrownY             000AEB  LA    
_selected_seed_type       000ABC RLA    _setMenuRect              009B9A  LA    
_set_msg                  009D1D  LA    _set_note                 00C5F5 RLA    
_set_tile                 00CDED RLA    _spawn_projectile         0092BF  LA    
_stairs_known             00042E  LA    _stairs_x                 00042F  LA    
_stairs_y                 000430  LA    _stateChangeTimer         00041F  LA    
_stop                     00C265  LA    _stop_music               00DCA1 RLA    
_switch_tileset           00CD47 RLA    _temp1                    000457 RLA    
_temp2                    000459 RLA    _temp3                    00045B RLA    
_temp4                    00045D RLA    _tempEnemy                0009F1 RLA    
_tempEnemyIndex           0009F0  LA    _temp_frame               000465  LA    
_temp_msg_counter         000214 RLA    _test_save_magic_number   00E480 RLA    
_textboxH                 000B39  LA    _textboxW                 000B38  LA    
_textboxX                 000B36  LA    _textboxY                 000B37  LA    
_tick_music               008493 RLA    _tile_at                  00CD82 RLA    
_tile_at_cell             00CDBD RLA    _tile_passmap             0002F3  LA    
_tilemap_offset           0002FB  LA    _tiles                    00047B RLA    
_tmpRect                  00087D  LA    _tmpptr_char              00087B  LA    
_trim_edge_rects          00D26B  LA    _unpause_music            00DCF7  LA    
_updateInputs             00E68F  LA    _update_battle            009788 RLA    
_update_enemies           0087E9 RLA    _veggie_names             000323 RLA    
_veggie_templates         000343 RLA    _wait                     00C263 RLA    
_wavetable_page           000461  LA    _wildVeggieX              000421  LA    
_world_map_x              000321 RLA    _world_map_y              000322 RLA    
_xorshift16               00DB3B  LA    addysp                    00F730 RLA    
addysp1                   00F72F RLA    aslax4                    00F73D RLA    
asrax1                    00F74E RLA    asrax3                    00F758 RLA    
asrax4                    00F76C RLA    bnega                     00F789 RLA    
bnegax                    00F785  LA    booleq                    00FA8E RLA    
boolge                    00FA9F  LA    boolgt                    00FA9D  LA    
boolle                    00FA95  LA    boollt                    00FA97  LA    
boolne                    00FA88  LA    booluge                   00FAAF  LA    
boolugt                   00FAAD  LA    boolule                   00FAA5  LA    
boolult                   00FAA7  LA    complax                   00F793 RLA    
condes                    000432  LA    copydata                  00F7A8 RLA    
decsp2                    00F7D5 RLA    decsp3                    00F7E2 RLA    
decsp4                    00F7EF RLA    decsp5                    00F7FC RLA    
decsp7                    00F809 RLA    donelib                   00F79C RLA    
incsp1                    00F844 RLA    incsp2                    00F853 RLA    
incsp3                    00F861 RLA    incsp4                    00F866 RLA    
incsp5                    00F86B RLA    incsp6                    00F870 RLA    
incsp8                    00F875 RLA    initlib                   00C257 RLA    
ldeaxi                    00FA71 RLA    ldeaxidx                  00FA73  LA    
memcpy_getparams          00FADD  LA    memcpy_upwards            00FAB7  LA    
mul8x16                   00FB03  LA    mul8x16a                  00FB0D  LA    
negax                     00FB3F RLA    popax                     00F84B RLA    
popptr1                   00FB5F RLA    popsargsudiv16            00FBB9 RLA    
ptr1                      00000E RLZ    ptr2                      000010 RLZ    
ptr3                      000012 RLZ    ptr4                      000014 RLZ    
push0                     00FB83 RLA    pusha                     00FB71 RLA    
pusha0                    00FB85 RLA    pusha0sp                  00FB6D  LA    
pushax                    00FB87 RLA    pushaysp                  00FB6F  LA    
pushw0sp                  00FB9D RLA    pushwysp                  00FB9F RLA    
regbank                   00001A  LZ    regsave                   00000A  LZ    
shlax4                    00F73D RLA    shrax4                    00FBD9 RLA    
sp                        000006 RLZ    sreg                      000008 RLZ    
staspidx                  00FBEA RLA    stax0sp                   00FC00 RLA    
staxspidx                 00FC0B RLA    staxysp                   00FC02  LA    
tmp1                      000016 RLZ    tmp2                      000017 RLZ    
tmp3                      000018  LZ    tmp4                      000019  LZ    
tosadda0                  00F713  LA    tosaddax                  00F715 RLA    
tosicmp                   00F818 RLA    tosicmp0                  00F816 RLA    
tosmoda0                  00FAF0 RLA    tosmodax                  00FAF2 RLA    
tosmula0                  00FB01 RLA    tosora0                   00FB4D RLA    
tosorax                   00FB4F RLA    tossuba0                  00FC26 RLA    
tossubax                  00FC28 RLA    tosudiva0                 00FC3B  LA    
tosudivax                 00FC3D  LA    tosumula0                 00FB01  LA    
udiv16                    00FC4C RLA    zerobss                   00FC8A RLA    



Exports list by value:
----------------------
__CONSTRUCTOR_COUNT__     000000 REA    __ZP_START__              000000  LA    
__ZP_FILEOFFS__           000000  EA    __ZEROPAGE_RUN__          000000  LA    
__ZEROPAGE_LOAD__         000000  LA    __RAM_FILEOFFS__          000000  EA    
__DESTRUCTOR_COUNT__      000000 REA    __CARTRAM1_FILEOFFS__     000000  EA    
__CARTRAM0_FILEOFFS__     000000  EA    __STARTUP__               000001 REA    
_queue_start              000002 RLZ    _queue_end                000003 RLZ    
_queue_count              000004 RLZ    _queue_pending            000005 RLZ    
sp                        000006 RLZ    __SAVEGAME_SIZE__         000007  EA    
sreg                      000008 RLZ    regsave                   00000A  LZ    
ptr1                      00000E RLZ    ptr2                      000010 RLZ    
ptr3                      000012 RLZ    ptr4                      000014 RLZ    
tmp1                      000016 RLZ    tmp2                      000017 RLZ    
tmp3                      000018  LZ    tmp4                      000019  LZ    
regbank                   00001A  LZ    __ZEROPAGE_SIZE__         000020  EA    
__ZP_LAST__               000020  LA    __ZP_SIZE__               000100  EA    
__RAM_START__             000200 RLA    __DATA_RUN__              000200 RLA    
_player_x                 000200 RLA    _player_y                 000202 RLA    
_player_state_offsets     000204  LA    _player_dir_x             000209 RLA    
_player_dir_y             00020A RLA    _player_hitbox_damage     00020B RLA    
_player_anim_frame        00020C RLA    _player_anim_dir          00020D RLA    
_player_anim_flip         00020E RLA    _player_health            00020F RLA    
_player_anim_state        000210 RLA    _player_max_health        000211 RLA    
_player_action_type       000212 RLA    _do_fill_map              000213 RLA    
_temp_msg_counter         000214 RLA    _frameflag                000215 RLA    
_frameflip                000216 RLA    _bankflip                 000217 RLA    
_flagsMirror              000218 RLA    _banksMirror              000219 RLA    
_pitch_table              00021A  LA    __DATA_SIZE__             000257 REA    
_audio_params_index       0002F2  LA    _tile_passmap             0002F3  LA    
_camera_x                 0002F7 RLA    _camera_y                 0002F9 RLA    
_tilemap_offset           0002FB  LA    _min_room_size            0002FC  LA    
_rnd_seed                 0002FD RLA    _audio_amplitudes         0002FF  LA    
_music_cursor             000303  LA    _delay_counter            000305  LA    
_paused_cursor            000306  LA    _music_mode               000308  LA    
_repeat_resume_pending    000309  LA    _mapMessage               00030A  LA    
_maxHpMessage             00030C  LA    _enemy_count              00030E  LA    
_enemy_type_used_slots    00030F  LA    _ignoreCamera             000310  LA    
_enemy_speeds             000311  LA    _move_frame_mask          000312  LA    
_anim_state_offsets       000313  LA    _enemy_type_flags         000317  LA    
_enemyFrameData           000318  LA    _enemySpriteSheets        00031A  LA    
_enemy_banks              00031C  LA    _nextProjectile           00031D  LA    
_world_map_x              000321 RLA    _world_map_y              000322 RLA    
_veggie_names             000323 RLA    _attack_names             00033B  LA    
_veggie_templates         000343 RLA    _stateChangeTimer         00041F  LA    
_playerVeggieX            000420  LA    _wildVeggieX              000421  LA    
_menuEntries              000422  LA    _currentPartyIndex        000423  LA    
_inputs                   000424  LA    _last_inputs              000426  LA    
_inputs2                  000428  LA    _last_inputs2             00042A  LA    
_game_state               00042C  LA    _game_over_timer          00042D  LA    
_stairs_known             00042E  LA    _stairs_x                 00042F  LA    
_stairs_y                 000430  LA    _go_to_next_level         000431  LA    
condes                    000432  LA    __BSS_RUN__               000457 RLA    
__BSS_LOAD__              000457  LA    _temp1                    000457 RLA    
_temp2                    000459 RLA    _temp3                    00045B RLA    
_temp4                    00045D RLA    _message_string           00045F RLA    
_wavetable_page           000461  LA    _cursorX                  000463 RLA    
_cursorY                  000464 RLA    _temp_frame               000465  LA    
_tiles                    00047B RLA    __STACKSIZE__             000800  EA    
_tmpptr_char              00087B  LA    _tmpRect                  00087D  LA    
_scratchpad               000881  LA    _repeat_point             0009A8  LA    
_paused_delay             0009AA  LA    _enemies                  0009AF RLA    
_last_attacker_id         0009EF RLA    _tempEnemyIndex           0009F0  LA    
_tempEnemy                0009F1 RLA    _enemy_type_slots         000A01  LA    
__BSS_SIZE__              000A1C REA    _romBankMirror            000A2A RLA    
_player_active_veggie     000A30 RLA    _encountered_veggie       000A44 RLA    
_player_party             000A58 RLA    _selected_seed_type       000ABC RLA    
_seed_inventory           000ABD RLA    _seedArrowPosition        000AC9  LA    
_last_seed_thrown         000ACA RLA    _seedsThrownX             000ACB  LA    
_seedsThrownY             000AEB  LA    _seedsThrownType          000B0B  LA    
_menu_index               000B34  LA    _menuMode                 000B35  LA    
_textboxX                 000B36  LA    _textboxY                 000B37  LA    
_textboxW                 000B38  LA    _textboxH                 000B39  LA    
_messageBuf               000B3A  LA    _battle_state             000B53  LA    
_next_battle_state        000B54  LA    __RAM_LAST__              000E73  LA    
__RAM_SIZE__              001D00 REA    _queue_flags_param        003200 REA    
_rect                     003201 REA    __CARTRAM0_SIZE__         003FFF  EA    
__CARTRAM1_SIZE__         004000  EA    __CARTRAM1_START__        008000  LA    
_EnemySprites_VEGGIES     008000 RLA    _Tileset_00               008000 RLA    
__CARTRAM1_LAST__         008000  LA    _PackedSprite             008000  LA    
_DynaWave                 008000 RLA    __SAVEGAME_RUN__          008001  LA    
__CARTRAM0_START__        008001  LA    __SAVEGAME_LOAD__         008001  LA    
_saved_level_number       008001  LA    _saved_rnd_seed           008002  LA    
_saved_player_max_health  008004  LA    _saved_player_health      008005  LA    
_saved_magic_number       008006  LA    __CARTRAM0_LAST__         008008  LA    
_QueuePackedSprite        0080C3 RLA    _generate_map             00818D RLA    
_HeroSprites              0081FE RLA    _tick_music               008493 RLA    
_FontSprites              008591 RLA    _draw_enemies             0086BC RLA    
_BattleBG                 0086C0 RLA    _update_enemies           0087E9 RLA    
_HomesteadMap             008A7E RLA    _Forest0Map               008E7E RLA    
_player_face_enemy        008FA2  LA    _face_player              009072  LA    
_check_player_attack      009131  LA    _player_dist_check        0091F3  LA    
_check_impact_attack      00926A  LA    _MazeMap                  00927E RLA    
_spawn_projectile         0092BF  LA    _circle_position          009370  LA    
_big_circle               00947A  LA    _draw_battle_screen       00956A RLA    
_init_battle              00965C RLA    _DesertMap                00967E RLA    
_draw_battle_screen_postqueue 0096E3 RLA    _update_battle            009788 RLA    
_BeachMap                 009A7E RLA    _checkLoseCondition       009B6C  LA    
_setMenuRect              009B9A  LA    _renderMenuText           009C3A  LA    
_set_msg                  009D1D  LA    _SineTable                009D6E RLA    
_MainMusic                009E6E RLA    _ClearingMap              009E7E RLA    
_BattleMusic              009F00 RLA    _HeroFrames               00A093 RLA    
_FontFrames               00A10B RLA    _RoadMap                  00A27E RLA    
_EnemyFrames_VEGGIES      00A333 RLA    __DATA_LOAD__             00C000 RLA    
initlib                   00C257 RLA    _wait                     00C263 RLA    
_stop                     00C265  LA    _nop5                     00C266  LA    
_nop10                    00C26C  LA    _nmi_int                  00C277 RLA    
_irq_int                  00C282 RLA    _NextQueue                00C297 RLA    
_pushRect                 00C2FE RLA    _enemy_index_on_screen    00C347 RLA    
_LD_enemy_index           00C3D1 RLA    _ST_enemy_index           00C481 RLA    
_ls5                      00C531  LA    _ls4                      00C532 RLA    
_asmTileCopy              00C539 RLA    _init_dynawave            00C56E RLA    
_push_audio_param         00C5B3 RLA    _flush_audio_params       00C5E5 RLA    
_set_note                 00C5F5 RLA    _load_spritesheet         00C645 RLA    
_clear_spritebank         00C6D6  LA    _QueueSpriteRect          00C785 RLA    
_QueueFillRect            00C7F7 RLA    _FlushQueue               00C8AD  LA    
_CLB                      00C8C7 RLA    _CLS                      00C942  LA    
_FillRect                 00C980 RLA    _SpriteRect               00C9BF  LA    
_SpriteRectImmediate      00CA34 RLA    _draw_fade                00CABF RLA    
_printBCDnum              00CB32 RLA    _print                    00CC4C RLA    
_switch_tileset           00CD47 RLA    _load_map                 00CD5E RLA    
_tile_at                  00CD82 RLA    _tile_at_cell             00CDBD RLA    
_set_tile                 00CDED RLA    _character_tilemap_check  00CE28 RLA    
_draw_world               00CEFA RLA    _find_start_tile          00D1DB RLA    
_trim_edge_rects          00D26B  LA    _random_reduce_rect       00D360  LA    
_min                      00D408  LA    _max                      00D429  LA    
_map_path_v               00D451  LA    _map_path_h               00D67C  LA    
_map_fill_tile_rect       00D8A3  LA    _maybe_add_pillars        00D95D  LA    
_place_stairs             00DA37  LA    _rnd                      00DAB2 RLA    
_rnd_range                00DB01 RLA    _xorshift16               00DB3B  LA    
_init_music               00DBBE RLA    _play_track               00DBC8 RLA    
_do_noise_effect          00DC71 RLA    _stop_music               00DCA1 RLA    
_pause_music              00DCDE  LA    _unpause_music            00DCF7  LA    
_load_enemy_type          00DD10 RLA    _clear_enemy_slots        00DD83 RLA    
_random_loaded_enemy_slot 00DD9E  LA    _init_enemy               00DDCA  LA    
_clear_enemies            00DE7A RLA    _place_enemies            00DF20 RLA    
_next_enemy_slot          00E12B RLA    _attack_sound_for_enemy   00E168  LA    
_close_wall_traps         00E184  LA    _open_gates               00E1F6  LA    
_music_for_level          00E268  LA    _load_enemies_for_level   00E26D  LA    
_init_level               00E27B RLA    _ChangeRomBank            00E37B RLA    
_save_game_vars           00E42A  LA    _load_game_vars           00E45D RLA    
_test_save_magic_number   00E480 RLA    _clear_save               00E4A9 RLA    
_print_seed_inventory     00E4C0 RLA    _resetSeeds               00E548  LA    
_plantedSeed              00E560 RLA    _randomInventorySeed      00E59B RLA    
_add_to_party             00E5EA RLA    _findSeed                 00E650 RLA    
_updateInputs             00E68F  LA    _Sleep                    00E730  LA    
_init_game_state          00E760  LA    _draw_player              00E857  LA    
_draw_hud                 00E8F5  LA    _fill_local_map           00E8F6  LA    
_fill_whole_map           00EA24  LA    _main                     00EB02 RLA    
tosadda0                  00F713  LA    tosaddax                  00F715 RLA    
addysp1                   00F72F RLA    addysp                    00F730 RLA    
aslax4                    00F73D RLA    shlax4                    00F73D RLA    
asrax1                    00F74E RLA    asrax3                    00F758 RLA    
asrax4                    00F76C RLA    bnegax                    00F785  LA    
bnega                     00F789 RLA    complax                   00F793 RLA    
donelib                   00F79C RLA    copydata                  00F7A8 RLA    
decsp2                    00F7D5 RLA    decsp3                    00F7E2 RLA    
decsp4                    00F7EF RLA    decsp5                    00F7FC RLA    
decsp7                    00F809 RLA    tosicmp0                  00F816 RLA    
tosicmp                   00F818 RLA    incsp1                    00F844 RLA    
popax                     00F84B RLA    incsp2                    00F853 RLA    
incsp3                    00F861 RLA    incsp4                    00F866 RLA    
incsp5                    00F86B RLA    incsp6                    00F870 RLA    
incsp8                    00F875 RLA    _inflatemem               00F87A RLA    
ldeaxi                    00FA71 RLA    ldeaxidx                  00FA73  LA    
boolne                    00FA88  LA    booleq                    00FA8E RLA    
boolle                    00FA95  LA    boollt                    00FA97  LA    
boolgt                    00FA9D  LA    boolge                    00FA9F  LA    
boolule                   00FAA5  LA    boolult                   00FAA7  LA    
boolugt                   00FAAD  LA    booluge                   00FAAF  LA    
_memcpy                   00FAB4 RLA    memcpy_upwards            00FAB7  LA    
memcpy_getparams          00FADD  LA    tosmoda0                  00FAF0 RLA    
tosmodax                  00FAF2 RLA    tosmula0                  00FB01 RLA    
tosumula0                 00FB01  LA    mul8x16                   00FB03  LA    
mul8x16a                  00FB0D  LA    _abs                      00FB3B  LA    
negax                     00FB3F RLA    tosora0                   00FB4D RLA    
tosorax                   00FB4F RLA    popptr1                   00FB5F RLA    
pusha0sp                  00FB6D  LA    pushaysp                  00FB6F  LA    
pusha                     00FB71 RLA    push0                     00FB83 RLA    
pusha0                    00FB85 RLA    pushax                    00FB87 RLA    
pushw0sp                  00FB9D RLA    pushwysp                  00FB9F RLA    
popsargsudiv16            00FBB9 RLA    shrax4                    00FBD9 RLA    
staspidx                  00FBEA RLA    stax0sp                   00FC00 RLA    
staxysp                   00FC02  LA    staxspidx                 00FC0B RLA    
tossuba0                  00FC26 RLA    tossubax                  00FC28 RLA    
tosudiva0                 00FC3B  LA    tosudivax                 00FC3D  LA    
udiv16                    00FC4C RLA    zerobss                   00FC8A RLA    
_loadSpecial              00FCAD  LA    _init                     00FE28 RLA    
_exit                     00FE65  LA    _SwitchRomBank            00FE69  LA    
__CONSTRUCTOR_TABLE__     00FF01 RLA    __DESTRUCTOR_TABLE__      00FF01 RLA    



Imports list:
-------------
_BattleBG (assets.o):
    main.o                    build/main.si(52)
_BattleMusic (assets.o):
    music.o                   build/music.si(25)
_BeachMap (assets.o):
    level.o                   build/level.si(32)
_CLB (drawing_funcs.o):
    main.o                    build/main.si(38)
_CLS (drawing_funcs.o):
_ChangeRomBank (banking.o):
    main.o                    build/main.si(78)
    savegame.o                build/savegame.si(25)
    level.o                   build/level.si(22)
    enemies.o                 build/enemies.si(57)
    music.o                   build/music.si(23)
    tilemap.o                 build/tilemap.si(31)
    drawing_funcs.o           build/drawing_funcs.si(42)
_ClearingMap (assets.o):
    level.o                   build/level.si(33)
_DesertMap (assets.o):
    level.o                   build/level.si(30)
_DynaWave (assets.o):
    dynawave.o                build/dynawave.si(20)
_EnemyFrames_VEGGIES (assets.o):
    battle.o                  build/battle.si(35)
    enemies.o                 build/enemies.si(72)
_EnemySprites_VEGGIES (assets.o):
    enemies.o                 build/enemies.si(71)
_FillRect (drawing_funcs.o):
    main.o                    build/main.si(39)
_FlushQueue (drawing_funcs.o):
_FontFrames (assets.o):
    battle.o                  build/battle.si(27)
    drawing_funcs.o           build/drawing_funcs.si(38)
_FontSprites (assets.o):
    main.o                    build/main.si(50)
_Forest0Map (assets.o):
    level.o                   build/level.si(29)
_HeroFrames (assets.o):
    main.o                    build/main.si(53)
    enemies.o                 build/enemies.si(30)
_HeroSprites (assets.o):
    main.o                    build/main.si(51)
_HomesteadMap (assets.o):
    level.o                   build/level.si(28)
_LD_enemy_index (enemy_util.o):
    enemies.o                 build/enemies.si(60)
_MainMusic (assets.o):
    music.o                   build/music.si(24)
_MazeMap (assets.o):
    level.o                   build/level.si(31)
_NextQueue (interrupt.o):
    drawing_funcs.o           build/drawing_funcs.si(20)
_PackedSprite (drawing_funcs.o):
_QueueFillRect (drawing_funcs.o):
    battle.o                  build/battle.si(20)
_QueuePackedSprite (drawing_funcs.o):
    main.o                    build/main.si(36)
    battle.o                  build/battle.si(18)
    enemies.o                 build/enemies.si(28)
_QueueSpriteRect (drawing_funcs.o):
    main.o                    build/main.si(37)
    battle.o                  build/battle.si(19)
_RoadMap (assets.o):
    level.o                   build/level.si(34)
_ST_enemy_index (enemy_util.o):
    enemies.o                 build/enemies.si(61)
_SineTable (assets.o):
    enemies.o                 build/enemies.si(70)
_Sleep (main.o):
_SpriteRect (drawing_funcs.o):
_SpriteRectImmediate (drawing_funcs.o):
    tilemap.o                 build/tilemap.si(27)
_SwitchRomBank (crt0.o):
_Tileset_00 (assets.o):
    tilemap.o                 build/tilemap.si(38)
__BSS_LOAD__ ([linker generated]):
__BSS_RUN__ ([linker generated]):
    zerobss.o                 common/zerobss.s(8)
__BSS_SIZE__ ([linker generated]):
    zerobss.o                 common/zerobss.s(8)
__CARTRAM0_FILEOFFS__ ([linker generated]):
__CARTRAM0_LAST__ ([linker generated]):
__CARTRAM0_SIZE__ ([linker generated]):
__CARTRAM0_START__ ([linker generated]):
__CARTRAM1_FILEOFFS__ ([linker generated]):
__CARTRAM1_LAST__ ([linker generated]):
__CARTRAM1_SIZE__ ([linker generated]):
__CARTRAM1_START__ ([linker generated]):
__CONSTRUCTOR_COUNT__ ([linker generated]):
    condes.o                  runtime/condes.s(18)
__CONSTRUCTOR_TABLE__ ([linker generated]):
    condes.o                  runtime/condes.s(18)
__DATA_LOAD__ ([linker generated]):
    copydata.o                common/copydata.s(8)
__DATA_RUN__ ([linker generated]):
    copydata.o                common/copydata.s(8)
__DATA_SIZE__ ([linker generated]):
    copydata.o                common/copydata.s(8)
__DESTRUCTOR_COUNT__ ([linker generated]):
    condes.o                  runtime/condes.s(19)
__DESTRUCTOR_TABLE__ ([linker generated]):
    condes.o                  runtime/condes.s(19)
__RAM_FILEOFFS__ ([linker generated]):
__RAM_LAST__ ([linker generated]):
__RAM_SIZE__ ([linker generated]):
    crt0.o                    src/crt0.s(11)
__RAM_START__ ([linker generated]):
    crt0.o                    src/crt0.s(11)
__SAVEGAME_LOAD__ ([linker generated]):
__SAVEGAME_RUN__ ([linker generated]):
__SAVEGAME_SIZE__ ([linker generated]):
__STACKSIZE__ ([linker generated]):
__STARTUP__ (crt0.o):
    main.o                    build/main.si(13)
__ZEROPAGE_LOAD__ ([linker generated]):
__ZEROPAGE_RUN__ ([linker generated]):
__ZEROPAGE_SIZE__ ([linker generated]):
__ZP_FILEOFFS__ ([linker generated]):
__ZP_LAST__ ([linker generated]):
__ZP_SIZE__ ([linker generated]):
__ZP_START__ ([linker generated]):
_abs (negabs.o):
_add_to_party (vegetables.o):
    enemies.o                 build/enemies.si(59)
_anim_state_offsets (enemies.o):
_asmTileCopy (mapload.o):
    tilemap.o                 build/tilemap.si(49)
_attack_names (vegetables.o):
_attack_sound_for_enemy (enemies.o):
_audio_amplitudes (music.o):
_audio_params_index (dynawave.o):
_bankflip (gametank.o):
    main.o                    build/main.si(33)
    battle.o                  build/battle.si(13)
    enemies.o                 build/enemies.si(26)
    tilemap.o                 build/tilemap.si(25)
    drawing_funcs.o           build/drawing_funcs.si(41)
_banksMirror (gametank.o):
    main.o                    build/main.si(32)
    drawing_funcs.o           build/drawing_funcs.si(40)
    draw_util.o               src/draw_util.s(4)
    interrupt.o               src/interrupt.s(10)
_battle_state (battle.o):
_big_circle (enemies.o):
_camera_x (tilemap.o):
    main.o                    build/main.si(54)
    level.o                   build/level.si(17)
    enemies.o                 build/enemies.si(49)
    enemy_util.o              src/enemy_util.s(2)
_camera_y (tilemap.o):
    main.o                    build/main.si(55)
    level.o                   build/level.si(18)
    enemies.o                 build/enemies.si(50)
    enemy_util.o              src/enemy_util.s(2)
_character_tilemap_check (tilemap.o):
    main.o                    build/main.si(60)
    enemies.o                 build/enemies.si(53)
_checkLoseCondition (battle.o):
_check_impact_attack (enemies.o):
_check_player_attack (enemies.o):
_circle_position (enemies.o):
_clear_enemies (enemies.o):
    level.o                   build/level.si(15)
_clear_enemy_slots (enemies.o):
    main.o                    build/main.si(71)
    level.o                   build/level.si(14)
_clear_save (savegame.o):
    main.o                    build/main.si(81)
_clear_spritebank (drawing_funcs.o):
_close_wall_traps (enemies.o):
_currentPartyIndex (battle.o):
_cursorX (drawing_funcs.o):
    main.o                    build/main.si(42)
    battle.o                  build/battle.si(23)
    vegetables.o              build/vegetables.si(31)
_cursorY (drawing_funcs.o):
    main.o                    build/main.si(43)
    battle.o                  build/battle.si(24)
    vegetables.o              build/vegetables.si(32)
_delay_counter (music.o):
_do_fill_map (globals.o):
    main.o                    build/main.si(26)
    level.o                   build/level.si(25)
    enemies.o                 build/enemies.si(46)
_do_noise_effect (music.o):
    main.o                    build/main.si(66)
    battle.o                  build/battle.si(34)
    enemies.o                 build/enemies.si(54)
_draw_battle_screen (battle.o):
    main.o                    build/main.si(82)
_draw_battle_screen_postqueue (battle.o):
    main.o                    build/main.si(83)
_draw_enemies (enemies.o):
    main.o                    build/main.si(73)
_draw_fade (drawing_funcs.o):
    main.o                    build/main.si(40)
_draw_hud (main.o):
_draw_player (main.o):
_draw_world (tilemap.o):
    main.o                    build/main.si(61)
_encountered_veggie (vegetables.o):
    battle.o                  build/battle.si(29)
_enemies (enemies.o):
    main.o                    build/main.si(68)
    enemy_util.o              src/enemy_util.s(2)
_enemyFrameData (enemies.o):
_enemySpriteSheets (enemies.o):
_enemy_banks (enemies.o):
_enemy_count (enemies.o):
_enemy_index_on_screen (enemy_util.o):
    enemies.o                 build/enemies.si(62)
_enemy_speeds (enemies.o):
_enemy_type_flags (enemies.o):
_enemy_type_slots (enemies.o):
_enemy_type_used_slots (enemies.o):
_exit (crt0.o):
_face_player (enemies.o):
_fill_local_map (main.o):
_fill_whole_map (main.o):
_findSeed (vegetables.o):
    main.o                    build/main.si(94)
_find_start_tile (tilemap.o):
    level.o                   build/level.si(21)
_flagsMirror (gametank.o):
    main.o                    build/main.si(31)
    drawing_funcs.o           build/drawing_funcs.si(39)
    interrupt.o               src/interrupt.s(9)
_flush_audio_params (dynawave.o):
    music.o                   build/music.si(21)
_frameflag (gametank.o):
    main.o                    build/main.si(29)
    interrupt.o               src/interrupt.s(9)
_frameflip (gametank.o):
    main.o                    build/main.si(30)
    interrupt.o               src/interrupt.s(9)
_game_over_timer (main.o):
_game_state (main.o):
_generate_map (tilemap.o):
    main.o                    build/main.si(57)
_go_to_next_level (main.o):
_ignoreCamera (enemies.o):
_inflatemem (inflatemem.o):
    drawing_funcs.o           build/drawing_funcs.si(13)
    dynawave.o                build/dynawave.si(13)
_init (crt0.o):
    vectors.o                 src/vectors.s(7)
_init_battle (battle.o):
    enemies.o                 build/enemies.si(58)
_init_dynawave (dynawave.o):
    main.o                    build/main.si(34)
_init_enemy (enemies.o):
_init_game_state (main.o):
_init_level (level.o):
    main.o                    build/main.si(77)
_init_music (music.o):
    main.o                    build/main.si(63)
_inputs (main.o):
_inputs2 (main.o):
_irq_int (interrupt.o):
    vectors.o                 src/vectors.s(8)
_last_attacker_id (enemies.o):
    main.o                    build/main.si(69)
_last_inputs (main.o):
_last_inputs2 (main.o):
_last_seed_thrown (vegetables.o):
    main.o                    build/main.si(90)
_loadSpecial (enemies.o):
_load_enemies_for_level (level.o):
_load_enemy_type (enemies.o):
    main.o                    build/main.si(70)
    level.o                   build/level.si(13)
_load_game_vars (savegame.o):
    main.o                    build/main.si(79)
_load_map (tilemap.o):
    level.o                   build/level.si(20)
_load_spritesheet (drawing_funcs.o):
    main.o                    build/main.si(35)
    enemies.o                 build/enemies.si(27)
    tilemap.o                 build/tilemap.si(26)
_ls4 (shifts.o):
    tilemap.o                 build/tilemap.si(34)
_ls5 (shifts.o):
_main (main.o):
    crt0.o                    src/crt0.s(8)
_mapMessage (enemies.o):
_map_fill_tile_rect (tilemap.o):
_map_path_h (tilemap.o):
_map_path_v (tilemap.o):
_max (tilemap.o):
_maxHpMessage (enemies.o):
_maybe_add_pillars (tilemap.o):
_memcpy (memcpy.o):
    main.o                    build/main.si(2099)
    battle.o                  build/battle.si(1172)
    battle.o                  build/battle.si(1172)
    vegetables.o              build/vegetables.si(653)
    drawing_funcs.o           build/drawing_funcs.si(1294)
    drawing_funcs.o           build/drawing_funcs.si(1294)
    drawing_funcs.o           build/drawing_funcs.si(1294)
    drawing_funcs.o           build/drawing_funcs.si(1294)
_menuEntries (battle.o):
_menuMode (battle.o):
_menu_index (battle.o):
_messageBuf (battle.o):
_message_string (globals.o):
    main.o                    build/main.si(28)
    enemies.o                 build/enemies.si(48)
_min (tilemap.o):
_min_room_size (tilemap.o):
_move_frame_mask (enemies.o):
_music_cursor (music.o):
_music_for_level (level.o):
_music_mode (music.o):
_nextProjectile (enemies.o):
_next_battle_state (battle.o):
_next_enemy_slot (enemies.o):
    main.o                    build/main.si(72)
_nmi_int (interrupt.o):
    vectors.o                 src/vectors.s(8)
_nop10 (wait.o):
_nop5 (wait.o):
_open_gates (enemies.o):
_pause_music (music.o):
_paused_cursor (music.o):
_paused_delay (music.o):
_pitch_table (dynawave.o):
_place_enemies (enemies.o):
    level.o                   build/level.si(16)
_place_stairs (tilemap.o):
_plantedSeed (vegetables.o):
    main.o                    build/main.si(92)
_play_track (music.o):
    main.o                    build/main.si(64)
_playerVeggieX (battle.o):
_player_action_type (globals.o):
    main.o                    build/main.si(24)
_player_active_veggie (vegetables.o):
    battle.o                  build/battle.si(28)
_player_anim_dir (globals.o):
    main.o                    build/main.si(20)
    enemies.o                 build/enemies.si(41)
_player_anim_flip (globals.o):
    main.o                    build/main.si(21)
    enemies.o                 build/enemies.si(42)
_player_anim_frame (globals.o):
    main.o                    build/main.si(19)
    enemies.o                 build/enemies.si(40)
_player_anim_state (globals.o):
    main.o                    build/main.si(23)
    enemies.o                 build/enemies.si(44)
_player_dir_x (globals.o):
    main.o                    build/main.si(16)
    enemies.o                 build/enemies.si(37)
_player_dir_y (globals.o):
    main.o                    build/main.si(17)
    enemies.o                 build/enemies.si(38)
_player_dist_check (enemies.o):
_player_face_enemy (enemies.o):
_player_health (globals.o):
    main.o                    build/main.si(22)
    savegame.o                build/savegame.si(22)
    enemies.o                 build/enemies.si(43)
_player_hitbox_damage (globals.o):
    main.o                    build/main.si(18)
    enemies.o                 build/enemies.si(39)
_player_max_health (globals.o):
    main.o                    build/main.si(25)
    savegame.o                build/savegame.si(24)
    enemies.o                 build/enemies.si(45)
_player_party (vegetables.o):
    main.o                    build/main.si(85)
    battle.o                  build/battle.si(30)
_player_state_offsets (globals.o):
_player_x (globals.o):
    main.o                    build/main.si(14)
    level.o                   build/level.si(23)
    enemies.o                 build/enemies.si(35)
_player_y (globals.o):
    main.o                    build/main.si(15)
    level.o                   build/level.si(24)
    enemies.o                 build/enemies.si(36)
_print (drawing_funcs.o):
    main.o                    build/main.si(41)
    battle.o                  build/battle.si(22)
    vegetables.o              build/vegetables.si(30)
_printBCDnum (drawing_funcs.o):
    battle.o                  build/battle.si(21)
    vegetables.o              build/vegetables.si(29)
_print_seed_inventory (vegetables.o):
    main.o                    build/main.si(91)
_pushRect (draw_util.o):
    drawing_funcs.o           build/drawing_funcs.si(45)
_push_audio_param (dynawave.o):
    music.o                   build/music.si(20)
_queue_count (drawing_funcs.o):
    main.o                    build/main.si(47)
    draw_util.o               src/draw_util.s(5)
    interrupt.o               src/interrupt.s(11)
_queue_end (drawing_funcs.o):
    main.o                    build/main.si(45)
    draw_util.o               src/draw_util.s(5)
    interrupt.o               src/interrupt.s(11)
_queue_flags_param (draw_util.o):
    main.o                    build/main.si(48)
    battle.o                  build/battle.si(25)
    enemies.o                 build/enemies.si(29)
    tilemap.o                 build/tilemap.si(28)
    drawing_funcs.o           build/drawing_funcs.si(36)
_queue_pending (drawing_funcs.o):
    main.o                    build/main.si(46)
    interrupt.o               src/interrupt.s(11)
_queue_start (drawing_funcs.o):
    main.o                    build/main.si(44)
    interrupt.o               src/interrupt.s(11)
_randomInventorySeed (vegetables.o):
    main.o                    build/main.si(93)
_random_loaded_enemy_slot (enemies.o):
_random_reduce_rect (tilemap.o):
_rect (draw_util.o):
    main.o                    build/main.si(49)
    battle.o                  build/battle.si(26)
    tilemap.o                 build/tilemap.si(29)
    drawing_funcs.o           build/drawing_funcs.si(37)
_renderMenuText (battle.o):
_repeat_point (music.o):
_repeat_resume_pending (music.o):
_resetSeeds (vegetables.o):
_rnd (random.o):
    main.o                    build/main.si(62)
    vegetables.o              build/vegetables.si(33)
    enemies.o                 build/enemies.si(56)
_rnd_range (random.o):
    tilemap.o                 build/tilemap.si(30)
_rnd_seed (random.o):
    savegame.o                build/savegame.si(21)
_romBankMirror (banking.o):
    crt0.o                    src/crt0.s(15)
    savegame.o                build/savegame.si(23)
_save_game_vars (savegame.o):
_saved_level_number (savegame.o):
_saved_magic_number (savegame.o):
_saved_player_health (savegame.o):
_saved_player_max_health (savegame.o):
_saved_rnd_seed (savegame.o):
_scratchpad (tilemap.o):
_seedArrowPosition (vegetables.o):
_seed_inventory (vegetables.o):
    main.o                    build/main.si(88)
[...]
    incsp3.o                  runtime/incsp3.s(8)
addysp1 (addysp.o):
    sub.o                     runtime/sub.s(8)
    or.o                      runtime/or.s(9)
aslax4 (aslax4.o):
    main.o                    build/main.si(2099)
    main.o                    build/main.si(2099)
    enemies.o                 build/enemies.si(2765)
    enemies.o                 build/enemies.si(2765)
    enemies.o                 build/enemies.si(2765)
    enemies.o                 build/enemies.si(2765)
    enemies.o                 build/enemies.si(2765)
    random.o                  build/random.si(190)
    tilemap.o                 build/tilemap.si(2348)
    tilemap.o                 build/tilemap.si(2348)
    tilemap.o                 build/tilemap.si(2348)
    tilemap.o                 build/tilemap.si(2348)
    tilemap.o                 build/tilemap.si(2348)
    tilemap.o                 build/tilemap.si(2348)
    tilemap.o                 build/tilemap.si(2348)
    tilemap.o                 build/tilemap.si(2348)
asrax1 (asrax1.o):
    enemies.o                 build/enemies.si(2765)
asrax3 (asrax3.o):
    random.o                  build/random.si(190)
asrax4 (asrax4.o):
    random.o                  build/random.si(190)
bnega (bneg.o):
    banking.o                 build/banking.si(104)
    enemies.o                 build/enemies.si(2765)
    enemies.o                 build/enemies.si(2765)
bnegax (bneg.o):
booleq (makebool.o):
    savegame.o                build/savegame.si(169)
    random.o                  build/random.si(190)
boolge (makebool.o):
boolgt (makebool.o):
boolle (makebool.o):
boollt (makebool.o):
boolne (makebool.o):
booluge (makebool.o):
boolugt (makebool.o):
boolule (makebool.o):
boolult (makebool.o):
complax (compl.o):
    main.o                    build/main.si(2099)
    main.o                    build/main.si(2099)
    battle.o                  build/battle.si(1172)
condes (condes.o):
copydata (copydata.o):
    crt0.o                    src/crt0.s(13)
decsp2 (decsp2.o):
    main.o                    build/main.si(2099)
    battle.o                  build/battle.si(1172)
    enemies.o                 build/enemies.si(2765)
    enemies.o                 build/enemies.si(2765)
    enemies.o                 build/enemies.si(2765)
    enemies.o                 build/enemies.si(2765)
decsp3 (decsp3.o):
    enemies.o                 build/enemies.si(2765)
    tilemap.o                 build/tilemap.si(2348)
decsp4 (decsp4.o):
    main.o                    build/main.si(2099)
    battle.o                  build/battle.si(1172)
    enemies.o                 build/enemies.si(2765)
    enemies.o                 build/enemies.si(2765)
    enemies.o                 build/enemies.si(2765)
    drawing_funcs.o           build/drawing_funcs.si(1294)
decsp5 (decsp5.o):
    drawing_funcs.o           build/drawing_funcs.si(1294)
decsp7 (decsp7.o):
    main.o                    build/main.si(2099)
    battle.o                  build/battle.si(1172)
    enemies.o                 build/enemies.si(2765)
donelib (condes.o):
    crt0.o                    src/crt0.s(13)
incsp1 (incsp1.o):
    main.o                    build/main.si(2099)
    battle.o                  build/battle.si(1172)
    battle.o                  build/battle.si(1172)
    vegetables.o              build/vegetables.si(653)
    banking.o                 build/banking.si(104)
    level.o                   build/level.si(208)
    enemies.o                 build/enemies.si(2765)
    enemies.o                 build/enemies.si(2765)
    enemies.o                 build/enemies.si(2765)
    enemies.o                 build/enemies.si(2765)
    enemies.o                 build/enemies.si(2765)
    tilemap.o                 build/tilemap.si(2348)
    drawing_funcs.o           build/drawing_funcs.si(1294)
    drawing_funcs.o           build/drawing_funcs.si(1294)
    drawing_funcs.o           build/drawing_funcs.si(1294)
    drawing_funcs.o           build/drawing_funcs.si(1294)
    drawing_funcs.o           build/drawing_funcs.si(1294)
incsp2 (incsp2.o):
    staxspi.o                 runtime/staxspi.s(9)
    staspidx.o                runtime/staspidx.s(8)
    popptr1.o                 runtime/popptr1.s(8)
    inflatemem.o              zlib/inflatemem.s(14)
    main.o                    build/main.si(2099)
    vegetables.o              build/vegetables.si(653)
    level.o                   build/level.si(208)
    music.o                   build/music.si(509)
    random.o                  build/random.si(190)
    tilemap.o                 build/tilemap.si(2348)
    tilemap.o                 build/tilemap.si(2348)
    tilemap.o                 build/tilemap.si(2348)
    tilemap.o                 build/tilemap.si(2348)
    tilemap.o                 build/tilemap.si(2348)
    tilemap.o                 build/tilemap.si(2348)
    drawing_funcs.o           build/drawing_funcs.si(1294)
    dynawave.o                build/dynawave.si(401)
    dynawave.o                build/dynawave.si(401)
incsp3 (incsp3.o):
    battle.o                  build/battle.si(1172)
    vegetables.o              build/vegetables.si(653)
    enemies.o                 build/enemies.si(2765)
    music.o                   build/music.si(509)
    drawing_funcs.o           build/drawing_funcs.si(1294)
incsp4 (incsp4.o):
    battle.o                  build/battle.si(1172)
    random.o                  build/random.si(190)
    tilemap.o                 build/tilemap.si(2348)
    tilemap.o                 build/tilemap.si(2348)
    tilemap.o                 build/tilemap.si(2348)
    tilemap.o                 build/tilemap.si(2348)
    tilemap.o                 build/tilemap.si(2348)
    tilemap.o                 build/tilemap.si(2348)
    tilemap.o                 build/tilemap.si(2348)
    tilemap.o                 build/tilemap.si(2348)
incsp5 (incsp5.o):
    enemies.o                 build/enemies.si(2765)
    enemies.o                 build/enemies.si(2765)
    enemies.o                 build/enemies.si(2765)
    tilemap.o                 build/tilemap.si(2348)
    drawing_funcs.o           build/drawing_funcs.si(1294)
    drawing_funcs.o           build/drawing_funcs.si(1294)
incsp6 (incsp6.o):
    drawing_funcs.o           build/drawing_funcs.si(1294)
incsp8 (incsp8.o):
    drawing_funcs.o           build/drawing_funcs.si(1294)
    drawing_funcs.o           build/drawing_funcs.si(1294)
initlib (condes.o):
    crt0.o                    src/crt0.s(13)
ldeaxi (ldeaxi.o):
    tilemap.o                 build/tilemap.si(2348)
ldeaxidx (ldeaxi.o):
memcpy_getparams (memcpy.o):
memcpy_upwards (memcpy.o):
mul8x16 (mul8.o):
mul8x16a (mul8.o):
negax (negabs.o):
    shelp.o                   runtime/shelp.s(11)
    mod.o                     runtime/mod.s(11)
    enemies.o                 build/enemies.si(2765)
    enemies.o                 build/enemies.si(2765)
    enemies.o                 build/enemies.si(2765)
    enemies.o                 build/enemies.si(2765)
    enemies.o                 build/enemies.si(2765)
popax (incsp2.o):
    shelp.o                   runtime/shelp.s(11)
    memcpy.o                  common/memcpy.s(14)
popptr1 (popptr1.o):
    udiv.o                    runtime/udiv.s(9)
    mul8.o                    runtime/mul8.s(9)
    memcpy.o                  common/memcpy.s(14)
popsargsudiv16 (shelp.o):
    mod.o                     runtime/mod.s(11)
ptr1 (zeropage.o):
    copydata.o                common/copydata.s(9)
    zerobss.o                 common/zerobss.s(9)
    udiv.o                    runtime/udiv.s(10)
    staxspi.o                 runtime/staxspi.s(10)
    staspidx.o                runtime/staspidx.s(9)
    shelp.o                   runtime/shelp.s(12)
    popptr1.o                 runtime/popptr1.s(9)
    mul8.o                    runtime/mul8.s(10)
    memcpy.o                  common/memcpy.s(15)
    ldeaxi.o                  runtime/ldeaxi.s(8)
    inflatemem.o              zlib/inflatemem.s(15)
    main.o                    build/main.si(11)
    battle.o                  build/battle.si(11)
    vegetables.o              build/vegetables.si(11)
    enemies.o                 build/enemies.si(11)
    music.o                   build/music.si(11)
    random.o                  build/random.si(11)
    tilemap.o                 build/tilemap.si(11)
    drawing_funcs.o           build/drawing_funcs.si(11)
    dynawave.o                build/dynawave.si(11)
ptr2 (zeropage.o):
    copydata.o                common/copydata.s(9)
    memcpy.o                  common/memcpy.s(15)
    inflatemem.o              zlib/inflatemem.s(15)
ptr3 (zeropage.o):
    memcpy.o                  common/memcpy.s(15)
    inflatemem.o              zlib/inflatemem.s(15)
ptr4 (zeropage.o):
    udiv.o                    runtime/udiv.s(10)
    shelp.o                   runtime/shelp.s(12)
    mul8.o                    runtime/mul8.s(10)
    inflatemem.o              zlib/inflatemem.s(15)
push0 (pushax.o):
    tilemap.o                 build/tilemap.si(2348)
    tilemap.o                 build/tilemap.si(2348)
    tilemap.o                 build/tilemap.si(2348)
pusha (pusha.o):
    main.o                    build/main.si(2099)
    main.o                    build/main.si(2099)
    battle.o                  build/battle.si(1172)
    battle.o                  build/battle.si(1172)
    battle.o                  build/battle.si(1172)
    vegetables.o              build/vegetables.si(653)
    vegetables.o              build/vegetables.si(653)
    vegetables.o              build/vegetables.si(653)
    banking.o                 build/banking.si(104)
    level.o                   build/level.si(208)
    level.o                   build/level.si(208)
    enemies.o                 build/enemies.si(2765)
    enemies.o                 build/enemies.si(2765)
    enemies.o                 build/enemies.si(2765)
    enemies.o                 build/enemies.si(2765)
    enemies.o                 build/enemies.si(2765)
    enemies.o                 build/enemies.si(2765)
    enemies.o                 build/enemies.si(2765)
    enemies.o                 build/enemies.si(2765)
    enemies.o                 build/enemies.si(2765)
    enemies.o                 build/enemies.si(2765)
    enemies.o                 build/enemies.si(2765)
    music.o                   build/music.si(509)
    music.o                   build/music.si(509)
    music.o                   build/music.si(509)
    music.o                   build/music.si(509)
    tilemap.o                 build/tilemap.si(2348)
    tilemap.o                 build/tilemap.si(2348)
    tilemap.o                 build/tilemap.si(2348)
    tilemap.o                 build/tilemap.si(2348)
    drawing_funcs.o           build/drawing_funcs.si(1294)
    drawing_funcs.o           build/drawing_funcs.si(1294)
    drawing_funcs.o           build/drawing_funcs.si(1294)
    drawing_funcs.o           build/drawing_funcs.si(1294)
    drawing_funcs.o           build/drawing_funcs.si(1294)
    drawing_funcs.o           build/drawing_funcs.si(1294)
    drawing_funcs.o           build/drawing_funcs.si(1294)
    drawing_funcs.o           build/drawing_funcs.si(1294)
    drawing_funcs.o           build/drawing_funcs.si(1294)
    drawing_funcs.o           build/drawing_funcs.si(1294)
    drawing_funcs.o           build/drawing_funcs.si(1294)
    dynawave.o                build/dynawave.si(401)
    dynawave.o                build/dynawave.si(401)
pusha0 (pushax.o):
    main.o                    build/main.si(2099)
    battle.o                  build/battle.si(1172)
    battle.o                  build/battle.si(1172)
    battle.o                  build/battle.si(1172)
    battle.o                  build/battle.si(1172)
    vegetables.o              build/vegetables.si(653)
    enemies.o                 build/enemies.si(2765)
    enemies.o                 build/enemies.si(2765)
    tilemap.o                 build/tilemap.si(2348)
    tilemap.o                 build/tilemap.si(2348)
    tilemap.o                 build/tilemap.si(2348)
    tilemap.o                 build/tilemap.si(2348)
    tilemap.o                 build/tilemap.si(2348)
pusha0sp (pusha.o):
pushax (pushax.o):
    main.o                    build/main.si(2099)
    main.o                    build/main.si(2099)
    main.o                    build/main.si(2099)
    main.o                    build/main.si(2099)
    battle.o                  build/battle.si(1172)
    battle.o                  build/battle.si(1172)
    vegetables.o              build/vegetables.si(653)
    vegetables.o              build/vegetables.si(653)
    level.o                   build/level.si(208)
    enemies.o                 build/enemies.si(2765)
    enemies.o                 build/enemies.si(2765)
    enemies.o                 build/enemies.si(2765)
    enemies.o                 build/enemies.si(2765)
    enemies.o                 build/enemies.si(2765)
    enemies.o                 build/enemies.si(2765)
    enemies.o                 build/enemies.si(2765)
    random.o                  build/random.si(190)
    random.o                  build/random.si(190)
    tilemap.o                 build/tilemap.si(2348)
    tilemap.o                 build/tilemap.si(2348)
    tilemap.o                 build/tilemap.si(2348)
    tilemap.o                 build/tilemap.si(2348)
    tilemap.o                 build/tilemap.si(2348)
    tilemap.o                 build/tilemap.si(2348)
    tilemap.o                 build/tilemap.si(2348)
    tilemap.o                 build/tilemap.si(2348)
    tilemap.o                 build/tilemap.si(2348)
    tilemap.o                 build/tilemap.si(2348)
    tilemap.o                 build/tilemap.si(2348)
    tilemap.o                 build/tilemap.si(2348)
    tilemap.o                 build/tilemap.si(2348)
    tilemap.o                 build/tilemap.si(2348)
    drawing_funcs.o           build/drawing_funcs.si(1294)
    drawing_funcs.o           build/drawing_funcs.si(1294)
    drawing_funcs.o           build/drawing_funcs.si(1294)
    drawing_funcs.o           build/drawing_funcs.si(1294)
    drawing_funcs.o           build/drawing_funcs.si(1294)
    dynawave.o                build/dynawave.si(401)
pushaysp (pusha.o):
pushw0sp (pushwsp.o):
    random.o                  build/random.si(190)
    tilemap.o                 build/tilemap.si(2348)
pushwysp (pushwsp.o):
    random.o                  build/random.si(190)
    tilemap.o                 build/tilemap.si(2348)
regbank (zeropage.o):
regsave (zeropage.o):
shlax4 (aslax4.o):
    tilemap.o                 build/tilemap.si(2348)
    tilemap.o                 build/tilemap.si(2348)
    tilemap.o                 build/tilemap.si(2348)
shrax4 (shrax4.o):
    main.o                    build/main.si(2099)
    enemies.o                 build/enemies.si(2765)
    tilemap.o                 build/tilemap.si(2348)
sp (zeropage.o):
    addysp.o                  runtime/addysp.s(8)
    sub.o                     runtime/sub.s(9)
    staxspi.o                 runtime/staxspi.s(10)
    staxsp.o                  runtime/staxsp.s(8)
    staspidx.o                runtime/staspidx.s(9)
    pushwsp.o                 runtime/pushwsp.s(8)
    pushax.o                  runtime/pushax.s(8)
    pusha.o                   runtime/pusha.s(8)
    popptr1.o                 runtime/popptr1.s(9)
    or.o                      runtime/or.s(10)
    memcpy.o                  common/memcpy.s(15)
    inflatemem.o              zlib/inflatemem.s(15)
    incsp2.o                  runtime/incsp2.s(8)
    incsp1.o                  runtime/incsp1.s(8)
    icmp.o                    runtime/icmp.s(9)
    decsp7.o                  runtime/decsp7.s(8)
    decsp5.o                  runtime/decsp5.s(8)
    decsp4.o                  runtime/decsp4.s(8)
    decsp3.o                  runtime/decsp3.s(8)
    decsp2.o                  runtime/decsp2.s(8)
    crt0.o                    C:\cc65\asminc/zeropage.inc(11)
    add.o                     runtime/add.s(12)
    main.o                    build/main.si(10)
    battle.o                  build/battle.si(10)
    vegetables.o              build/vegetables.si(10)
    banking.o                 build/banking.si(10)
    level.o                   build/level.si(10)
    enemies.o                 build/enemies.si(10)
    music.o                   build/music.si(10)
    random.o                  build/random.si(10)
    tilemap.o                 build/tilemap.si(10)
    drawing_funcs.o           build/drawing_funcs.si(10)
    dynawave.o                build/dynawave.si(10)
sreg (zeropage.o):
    udiv.o                    runtime/udiv.s(10)
    mod.o                     runtime/mod.s(12)
    ldeaxi.o                  runtime/ldeaxi.s(8)
    inflatemem.o              zlib/inflatemem.s(15)
    icmp.o                    runtime/icmp.s(9)
    battle.o                  build/battle.si(10)
    enemies.o                 build/enemies.si(10)
    tilemap.o                 build/tilemap.si(10)
staspidx (staspidx.o):
    enemies.o                 build/enemies.si(2765)
    tilemap.o                 build/tilemap.si(2348)
stax0sp (staxsp.o):
    random.o                  build/random.si(190)
staxspidx (staxspi.o):
    enemies.o                 build/enemies.si(2765)
staxysp (staxsp.o):
tmp1 (zeropage.o):
    copydata.o                common/copydata.s(9)
    staxspi.o                 runtime/staxspi.s(10)
    staspidx.o                runtime/staspidx.s(9)
    shrax4.o                  runtime/shrax4.s(8)
    shelp.o                   runtime/shelp.s(12)
    or.o                      runtime/or.s(10)
    mod.o                     runtime/mod.s(12)
    asrax4.o                  runtime/asrax4.s(9)
    asrax3.o                  runtime/asrax3.s(9)
    asrax1.o                  runtime/asrax1.s(8)
    aslax4.o                  runtime/aslax4.s(8)
    add.o                     runtime/add.s(12)
    main.o                    build/main.si(11)
    battle.o                  build/battle.si(11)
    enemies.o                 build/enemies.si(11)
    random.o                  build/random.si(11)
    tilemap.o                 build/tilemap.si(11)
    drawing_funcs.o           build/drawing_funcs.si(11)
tmp2 (zeropage.o):
    shelp.o                   runtime/shelp.s(12)
tmp3 (zeropage.o):
tmp4 (zeropage.o):
tosadda0 (add.o):
tosaddax (add.o):
    tilemap.o                 build/tilemap.si(2348)
    tilemap.o                 build/tilemap.si(2348)
tosicmp (icmp.o):
    enemies.o                 build/enemies.si(2765)
    enemies.o                 build/enemies.si(2765)
    enemies.o                 build/enemies.si(2765)
    tilemap.o                 build/tilemap.si(2348)
tosicmp0 (icmp.o):
    enemies.o                 build/enemies.si(2765)
tosmoda0 (mod.o):
    main.o                    build/main.si(2099)
    vegetables.o              build/vegetables.si(653)
    enemies.o                 build/enemies.si(2765)
    enemies.o                 build/enemies.si(2765)
tosmodax (mod.o):
    random.o                  build/random.si(190)
tosmula0 (mul8.o):
    battle.o                  build/battle.si(1172)
    battle.o                  build/battle.si(1172)
    battle.o                  build/battle.si(1172)
    battle.o                  build/battle.si(1172)
    vegetables.o              build/vegetables.si(653)
tosora0 (or.o):
    random.o                  build/random.si(190)
tosorax (or.o):
    main.o                    build/main.si(2099)
tossuba0 (sub.o):
    battle.o                  build/battle.si(1172)
    tilemap.o                 build/tilemap.si(2348)
tossubax (sub.o):
    random.o                  build/random.si(190)
    tilemap.o                 build/tilemap.si(2348)
    tilemap.o                 build/tilemap.si(2348)
tosudiva0 (udiv.o):
tosudivax (udiv.o):
tosumula0 (mul8.o):
udiv16 (udiv.o):
    shelp.o                   runtime/shelp.s(11)
zerobss (zerobss.o):
    crt0.o                    src/crt0.s(13)

